>>> gobject-introspection: Validating /home/packager/oily-pine/main/gobject-introspection/APKBUILD...
>>> gobject-introspection: Cleaning up srcdir
>>> gobject-introspection: Cleaning up pkgdir
>>> gobject-introspection: Cleaning up tmpdir
>>> gobject-introspection: Fetching https://download.gnome.org/sources/gobject-introspection/1.84/gobject-introspection-1.84.0.tar.xz
>>> gobject-introspection: Fetching https://download.gnome.org/sources/gobject-introspection/1.84/gobject-introspection-1.84.0.tar.xz
>>> gobject-introspection: Checking sha512sums...
gobject-introspection-1.84.0.tar.xz: OK
>>> gobject-introspection: Preparing build chroot...
installing oils!
fetch http://dl-cdn.alpinelinux.org/alpine/edge/main/x86_64/APKINDEX.tar.gz
WARNING: opening /home/packager/packages//# for oils: No such file or directory
(1/177) Installing musl (1.2.5-r13)
(2/177) Installing libcrypto3 (3.5.1-r0)
(3/177) Installing libssl3 (3.5.1-r0)
(4/177) Installing zlib (1.3.1-r2)
(5/177) Installing zstd-libs (1.5.7-r1)
(6/177) Installing libapk (3.0.0_rc5_git20250613-r0)
(7/177) Installing ca-certificates-bundle (20241121-r2)
(8/177) Installing apk-tools (3.0.0_rc5_git20250613-r0)
(9/177) Installing libcap2 (2.76-r0)
(10/177) Installing libcap-getcap (2.76-r0)
(11/177) Installing fakeroot (1.37.1.2-r0)
(12/177) Installing scanelf (1.3.8-r1)
(13/177) Installing musl-utils (1.2.5-r13)
(14/177) Installing libgcc (14.3.0-r5)
(15/177) Installing libstdc++ (14.3.0-r5)
(16/177) Installing lzip (1.25-r0)
(17/177) Installing openssl (3.5.1-r0)
(18/177) Installing patch (2.8-r0)
(19/177) Installing pkgconf (2.5.1-r0)
(20/177) Installing acl-libs (2.3.2-r1)
(21/177) Installing tar (1.35-r4)
(22/177) Installing alpine-baselayout-data (3.7.0-r0)
(23/177) Installing busybox (1.37.0-r18)
Executing busybox-1.37.0-r18.post-install
(24/177) Installing ssl_client (1.37.0-r18)
(25/177) Installing ncurses-terminfo-base (6.5_p20250705-r0)
(26/177) Installing libncursesw (6.5_p20250705-r0)
(27/177) Installing readline (8.3.0-r1)
(28/177) Installing oils-for-unix (0.28.0-r0)
(29/177) Installing oils-for-unix-binsh (0.28.0-r0)
(30/177) Installing abuild (3.15.0-r2)
Executing abuild-3.15.0-r2.pre-install
(31/177) Installing abuild-sudo (3.15.0-r2)
(32/177) Installing alpine-baselayout (3.7.0-r0)
Executing alpine-baselayout-3.7.0-r0.pre-install
Executing alpine-baselayout-3.7.0-r0.post-install
(33/177) Installing bridge (1.5-r5)
(34/177) Installing ifupdown-ng (0.12.1-r7)
(35/177) Installing openrc-user (0.62.5-r0)
(36/177) Installing openrc (0.62.5-r0)
Executing openrc-0.62.5-r0.post-install
(37/177) Installing mdev-conf (4.8-r0)
(38/177) Installing busybox-mdev-openrc (1.37.0-r18)
(39/177) Installing alpine-conf (3.20.0-r0)
(40/177) Installing alpine-keys (2.5-r0)
(41/177) Installing alpine-release (3.23.0_alpha20250612-r0)
(42/177) Installing busybox-openrc (1.37.0-r18)
(43/177) Installing busybox-suid (1.37.0-r18)
(44/177) Installing alpine-base (3.23.0_alpha20250612-r0)
(45/177) Installing m4 (1.4.20-r0)
(46/177) Installing bison (3.8.2-r2)
(47/177) Installing jansson (2.14.1-r0)
(48/177) Installing binutils (2.44-r0)
(49/177) Installing libmagic (5.46-r2)
(50/177) Installing file (5.46-r2)
(51/177) Installing libgomp (14.3.0-r5)
(52/177) Installing libatomic (14.3.0-r5)
(53/177) Installing gmp (6.3.0-r4)
(54/177) Installing isl26 (0.26-r1)
(55/177) Installing mpfr4 (4.2.2-r0)
(56/177) Installing mpc1 (1.3.1-r1)
(57/177) Installing gcc (14.3.0-r5)
(58/177) Installing libstdc++-dev (14.3.0-r5)
(59/177) Installing musl-dev (1.2.5-r13)
(60/177) Installing g++ (14.3.0-r5)
(61/177) Installing make (4.4.1-r3)
(62/177) Installing fortify-headers (1.1-r5)
(63/177) Installing build-base (0.5-r3)
(64/177) Installing cairo-tools (1.18.4-r0)
(65/177) Installing libexpat (2.7.1-r0)
(66/177) Installing brotli-libs (1.1.0-r2)
(67/177) Installing libbz2 (1.0.8-r6)
(68/177) Installing libpng (1.6.49-r0)
(69/177) Installing freetype (2.13.3-r0)
(70/177) Installing fontconfig (2.15.0-r3)
(71/177) Installing expat (2.7.1-r0)
(72/177) Installing expat-dev (2.7.1-r0)
(73/177) Installing bzip2-dev (1.0.8-r6)
(74/177) Installing brotli (1.1.0-r2)
(75/177) Installing brotli-dev (1.1.0-r2)
(76/177) Installing zlib-dev (1.3.1-r2)
(77/177) Installing libpng-dev (1.6.49-r0)
(78/177) Installing freetype-dev (2.13.3-r0)
(79/177) Installing fontconfig-dev (2.15.0-r3)
(80/177) Installing libxau (1.0.12-r0)
(81/177) Installing xorgproto (2024.1-r0)
(82/177) Installing libxau-dev (1.0.12-r0)
(83/177) Installing libmd (1.1.0-r0)
(84/177) Installing libbsd (0.12.2-r0)
(85/177) Installing libxdmcp (1.1.5-r1)
(86/177) Installing libxcb (1.17.0-r0)
(87/177) Installing libx11 (1.8.12-r0)
(88/177) Installing libxext (1.3.6-r2)
(89/177) Installing libffi (3.5.1-r0)
(90/177) Installing gdbm (1.24-r0)
(91/177) Installing xz-libs (5.8.1-r0)
(92/177) Installing mpdecimal (4.0.1-r0)
(93/177) Installing libpanelw (6.5_p20250705-r0)
(94/177) Installing sqlite-libs (3.50.2-r0)
(95/177) Installing python3 (3.12.11-r0)
(96/177) Installing python3-pycache-pyc0 (3.12.11-r0)
(97/177) Installing pyc (3.12.11-r0)
(98/177) Installing xcb-proto-pyc (1.17.0-r0)
(99/177) Installing python3-pyc (3.12.11-r0)
(100/177) Installing xcb-proto (1.17.0-r0)
(101/177) Installing libxdmcp-dev (1.1.5-r1)
(102/177) Installing libxcb-dev (1.17.0-r0)
(103/177) Installing xtrans (1.6.0-r0)
(104/177) Installing libx11-dev (1.8.12-r0)
(105/177) Installing libxext-dev (1.3.6-r2)
(106/177) Installing libxrender (0.9.12-r0)
(107/177) Installing libxrender-dev (0.9.12-r0)
(108/177) Installing pixman (0.46.2-r0)
(109/177) Installing pixman-dev (0.46.2-r0)
(110/177) Installing util-macros (1.20.2-r0)
(111/177) Installing xcb-util (0.4.1-r3)
(112/177) Installing xcb-util-dev (0.4.1-r3)
(113/177) Installing cairo (1.18.4-r0)
(114/177) Installing libintl (0.24.1-r0)
(115/177) Installing libeconf (0.7.9-r0)
(116/177) Installing libblkid (2.41.1-r0)
(117/177) Installing libmount (2.41.1-r0)
(118/177) Installing pcre2 (10.43-r1)
(119/177) Installing glib (2.84.3-r0)
(120/177) Installing cairo-gobject (1.18.4-r0)
(121/177) Installing libxml2 (2.13.8-r0)
(122/177) Installing libxml2-utils (2.13.8-r0)
(123/177) Installing docbook-xml (4.5-r10)
Executing docbook-xml-4.5-r10.post-install
(124/177) Installing libxslt (1.1.43-r3)
(125/177) Installing docbook-xsl-ns (1.79.2-r13)
Executing docbook-xsl-ns-1.79.2-r13.post-install
(126/177) Installing docbook-xsl-nons (1.79.2-r13)
Executing docbook-xsl-nons-1.79.2-r13.post-install
(127/177) Installing docbook-xsl (1.79.2-r13)
(128/177) Installing xz (5.8.1-r0)
(129/177) Installing gettext-asprintf (0.24.1-r0)
(130/177) Installing libunistring (1.3-r0)
(131/177) Installing gettext-libs (0.24.1-r0)
(132/177) Installing gettext-envsubst (0.24.1-r0)
(133/177) Installing gettext (0.24.1-r0)
(134/177) Installing gettext-dev (0.24.1-r0)
(135/177) Installing py3-parsing (3.2.3-r0)
(136/177) Installing py3-parsing-pyc (3.2.3-r0)
(137/177) Installing py3-packaging (25.0-r0)
(138/177) Installing py3-packaging-pyc (25.0-r0)
(139/177) Installing linux-headers (6.15.5-r0)
(140/177) Installing libffi-dev (3.5.1-r0)
(141/177) Installing bsd-compat-headers (0.7.2-r6)
(142/177) Installing libformw (6.5_p20250705-r0)
(143/177) Installing libmenuw (6.5_p20250705-r0)
(144/177) Installing libncurses++ (6.5_p20250705-r0)
(145/177) Installing ncurses-dev (6.5_p20250705-r0)
(146/177) Installing libedit (20250104.3.1-r1)
(147/177) Installing libedit-dev (20250104.3.1-r1)
(148/177) Installing libpcre2-16 (10.43-r1)
(149/177) Installing libpcre2-32 (10.43-r1)
(150/177) Installing pcre2-dev (10.43-r1)
(151/177) Installing libuuid (2.41.1-r0)
(152/177) Installing libfdisk (2.41.1-r0)
(153/177) Installing liblastlog2 (2.41.1-r0)
(154/177) Installing libsmartcols (2.41.1-r0)
(155/177) Installing sqlite (3.50.2-r0)
(156/177) Installing sqlite-dev (3.50.2-r0)
(157/177) Installing util-linux-dev (2.41.1-r0)
(158/177) Installing glib-dev (2.84.3-r0)
(159/177) Installing cairo-dev (1.18.4-r0)
(160/177) Installing flex (2.6.4-r7)
(161/177) Installing c-ares (1.34.5-r0)
(162/177) Installing libidn2 (2.3.8-r0)
(163/177) Installing nghttp2-libs (1.66.0-r0)
(164/177) Installing libpsl (0.21.5-r3)
(165/177) Installing libcurl (8.14.1-r2)
(166/177) Installing git (2.50.0-r1)
(167/177) Installing git-init-template (2.50.0-r1)
(168/177) Installing libltdl (2.5.4-r1)
(169/177) Installing libtool (2.5.4-r1)
(170/177) Installing samurai (1.2-r7)
(171/177) Installing meson (1.8.2-r0)
(172/177) Installing meson-pyc (1.8.2-r0)
(173/177) Installing abuild-meson (1.8.2-r0)
(174/177) Installing py3-setuptools (80.9.0-r0)
(175/177) Installing py3-setuptools-pyc (80.9.0-r0)
(176/177) Installing python3-dev (3.12.11-r0)
(177/177) Installing sed (4.9-r2)
Executing busybox-1.37.0-r18.trigger
Executing glib-2.84.3-r0.trigger
No schema files found: doing nothing.
OK: 456 MiB in 177 packages
>>> gobject-introspection: Fetching https://download.gnome.org/sources/gobject-introspection/1.84/gobject-introspection-1.84.0.tar.xz
>>> gobject-introspection: Checking sha512sums...
gobject-introspection-1.84.0.tar.xz: OK
>>> gobject-introspection: Unpacking /var/cache/distfiles/gobject-introspection-1.84.0.tar.xz...
The Meson build system
Version: 1.8.2
Source dir: /tmp/src/gobject-introspection-1.84.0
Build dir: /tmp/src/gobject-introspection-1.84.0/output
Build type: native build
Project name: gobject-introspection
Project version: 1.84.0
C compiler for the host machine: cc (gcc 14.3.0 "cc (Alpine 14.3.0) 14.3.0")
C linker for the host machine: cc ld.bfd 2.44
Host machine cpu family: x86_64
Host machine cpu: x86_64
Program python3 found: YES (/usr/bin/python3)
Program python3 (setuptools) found: YES (/usr/bin/python3) modules: setuptools
Compiler for C supports arguments -Warray-bounds: YES 
Compiler for C supports arguments -Wcast-align: YES 
Compiler for C supports arguments -Wduplicated-branches: YES 
Compiler for C supports arguments -Wformat=2: YES 
Compiler for C supports arguments -Wformat-nonliteral: YES 
Compiler for C supports arguments -Wformat-security: YES 
Compiler for C supports arguments -Wimplicit-function-declaration: YES 
Compiler for C supports arguments -Winit-self: YES 
Compiler for C supports arguments -Wjump-misses-init: YES 
Compiler for C supports arguments -Wlogical-op: YES 
Compiler for C supports arguments -Wmissing-declarations: YES 
Compiler for C supports arguments -Wmissing-format-attribute: YES 
Compiler for C supports arguments -Wmissing-include-dirs: YES 
Compiler for C supports arguments -Wmissing-noreturn: YES 
Compiler for C supports arguments -Wmissing-prototypes: YES 
Compiler for C supports arguments -Wnested-externs: YES 
Compiler for C supports arguments -Wnull-dereference: YES 
Compiler for C supports arguments -Wold-style-definition: YES 
Compiler for C supports arguments -Wpacked: YES 
Compiler for C supports arguments -Wpointer-arith: YES 
Compiler for C supports arguments -Wrestrict: YES 
Compiler for C supports arguments -Wreturn-type: YES 
Compiler for C supports arguments -Wshadow: YES 
Compiler for C supports arguments -Wsign-compare: YES 
Compiler for C supports arguments -Wstrict-aliasing: YES 
Compiler for C supports arguments -Wstrict-prototypes: YES 
Compiler for C supports arguments -Wundef: YES 
Compiler for C supports arguments -Wunused-but-set-variable: YES 
Compiler for C supports arguments -Wwrite-strings: YES 
Compiler for C supports arguments -fno-strict-aliasing: YES 
Checking for size of "char" : 1 
Checking for size of "short" : 2 
Checking for size of "int" : 4 
Checking for size of "long" : 8 
Found pkg-config: YES (/usr/bin/pkg-config) 2.5.1
Run-time dependency glib-2.0 found: YES 2.84.3
Run-time dependency gobject-2.0 found: YES 2.84.3
Run-time dependency gio-2.0 found: YES 2.84.3
Run-time dependency gmodule-2.0 found: YES 2.84.3
Run-time dependency gio-unix-2.0 found: YES 2.84.3
Run-time dependency libffi found: YES 3.5.1
Program pkg-config found: YES (/usr/bin/pkg-config)
Configuring config.h using configuration
Run-time dependency python found: YES 3.12
Check usable header "Python.h" with dependency python-3.12: YES 
Run-time dependency cairo found: YES 1.18.4
Run-time dependency cairo-gobject found: YES 1.18.4
meson.build:280: WARNING: Not building with doctool support, not all tests will be run
Library m found: YES
Compiler for C supports arguments -Wno-implicit-fallthrough: YES 
Compiler for C supports arguments -Wno-old-style-definition: YES 
Compiler for C supports arguments -Wno-suggest-attribute=noreturn: YES 
Compiler for C supports arguments -Wno-type-limits: YES 
Compiler for C supports arguments -Wno-undef: YES 
Compiler for C supports arguments -Wno-unused-parameter: YES 
Compiler for C supports arguments -Wno-cast-align: YES 
Compiler for C supports arguments -Wno-unused-function: YES 
Compiler for C supports arguments -Wno-return-type: YES 
Compiler for C supports arguments -Wno-sometimes-uninitialized: NO 
Compiler for C supports arguments -Wno-old-style-definition: YES (cached)
Compiler for C supports arguments -Wno-type-limits: YES (cached)
Compiler for C supports arguments -Wno-old-style-definition: YES (cached)
Compiler for C supports arguments -Wno-cast-align: YES (cached)
Compiler for C supports arguments -Wno-unused-parameter: YES (cached)
Compiler for C supports arguments -Wno-duplicated-branches: YES 
Compiler for C supports arguments -Wno-cast-align: YES (cached)
Configuring giversion.h using configuration
Compiler for C supports arguments -Wno-unused-parameter: YES (cached)
Compiler for C supports arguments -Wno-duplicated-branches: YES (cached)
Compiler for C supports arguments -Wno-type-limits: YES (cached)
Compiler for C supports arguments -Wno-cast-align: YES (cached)
Compiler for C supports arguments -Wno-missing-field-initializers: YES 
Configuring g-ir-scanner using configuration
Program g-ir-scanner found: YES (/tmp/src/gobject-introspection-1.84.0/output/tools/g-ir-scanner)
Configuring g-ir-annotation-tool using configuration
Program g-ir-annotation-tool found: YES (/tmp/src/gobject-introspection-1.84.0/output/tools/g-ir-annotation-tool)
Compiler for C supports arguments -Wno-missing-field-initializers: YES (cached)
Configuring _version.py using configuration
Configuring __init__.py using configuration
Configuring annotationmain.py using configuration
Configuring annotationparser.py using configuration
Configuring ast.py using configuration
Configuring cachestore.py using configuration
Configuring ccompiler.py using configuration
Configuring codegen.py using configuration
Configuring docmain.py using configuration
Configuring docwriter.py using configuration
Configuring dumper.py using configuration
Configuring introspectablepass.py using configuration
Configuring girparser.py using configuration
Configuring girwriter.py using configuration
Configuring gdumpparser.py using configuration
Configuring maintransformer.py using configuration
Configuring mdextensions.py using configuration
Configuring message.py using configuration
Configuring msvccompiler.py using configuration
Configuring pkgconfig.py using configuration
Configuring shlibs.py using configuration
Configuring scannermain.py using configuration
Configuring sectionparser.py using configuration
Configuring sourcescanner.py using configuration
Configuring testcodegen.py using configuration
Configuring transformer.py using configuration
Configuring utils.py using configuration
Configuring xmlwriter.py using configuration
Program flex found: YES (/usr/bin/flex)
Program bison found: YES (/usr/bin/bison)
Has header "unistd.h" : YES 
Compiler for C supports arguments -Wno-missing-field-initializers: YES (cached)
Compiler for C supports arguments -Wno-unused-parameter: YES (cached)
Compiler for C supports arguments -Wno-misleading-indentation: YES 
Configuring cairo-1.0.gir using configuration
Program g-ir-scanner found: YES (overridden)
Program rnc2rng found: NO
Program g-ir-scanner found: YES (overridden)
Program g-ir-compiler found: YES (overridden)
Compiler for C supports arguments -Wno-unused-parameter: YES (cached)
Compiler for C supports arguments -Wno-unused-parameter: YES (cached)
Compiler for C supports arguments -Wno-unused-parameter: YES (cached)
Compiler for C supports arguments -Wno-unused-parameter: YES (cached)
Compiler for C supports arguments -Wno-old-style-definition: YES (cached)
Compiler for C supports arguments -Wno-missing-field-initializers: YES (cached)
Compiler for C supports arguments -Wno-unused-parameter: YES (cached)
Build targets in project: 96

gobject-introspection 1.84.0

  User defined options
    auto_features     : auto
    b_lto             : true
    b_pie             : true
    b_staticpic       : true
    bindir            : /usr/bin
    buildtype         : plain
    cairo             : enabled
    datadir           : /usr/share
    includedir        : /usr/include
    infodir           : /usr/share/info
    libdir            : /usr/lib
    libexecdir        : /usr/libexec
    localedir         : /usr/share/locale
    localstatedir     : /var
    mandir            : /usr/share/man
    prefix            : /usr
    python.bytecompile: 0
    sbindir           : /usr/sbin
    sharedstatedir    : /var/lib
    sysconfdir        : /etc
    werror            : false
    wrap_mode         : nodownload

Found ninja-1.9 at /usr/bin/ninja
ninja: entering directory '/tmp/src/gobject-introspection-1.84.0/output'
[1/149] Compiling C object tests/repository/gitypelibtest.p/gitypelibtest.c.o
[2/149] Compiling C object tests/repository/gitestthrows.p/gitestthrows.c.o
[3/149] Compiling C object tests/repository/giteststructinfo.p/giteststructinfo.c.o
[4/149] Compiling C object tests/repository/gitestrepo.p/gitestrepo.c.o
[5/149] Compiling C object tests/scanner/libregress-1.0.so.p/.._.._gobject-introspection-tests_regressextra.c.o
[6/149] Compiling C object tests/scanner/libregress-1.0.so.p/.._.._gobject-introspection-tests_regress.c.o
[7/149] Compiling C object tests/scanner/libregress-1.0.so.p/.._.._gobject-introspection-tests_regress-unix.c.o
[8/149] Compiling C object tests/scanner/libregress-1.0.so.p/.._.._gobject-introspection-tests_foo.c.o
[9/149] Compiling C object tests/scanner/libregress-1.0.so.p/.._.._gobject-introspection-tests_drawable.c.o
[10/149] Compiling C object tests/scanner/libregress-1.0.so.p/.._.._gobject-introspection-tests_annotation.c.o
[11/149] Compiling C object tests/scanner/libbarapp-1.0.so.p/barapp.c.o
[12/149] Compiling C object tests/scanner/libgettype-1.0.so.p/gettype.c.o
[13/149] Compiling C object tests/scanner/libgtkfrob-1.0.so.p/gtkfrob.c.o
[14/149] Compiling C object tests/scanner/libutility-1.0.so.p/.._.._gobject-introspection-tests_utility.c.o
[15/149] Compiling C object tests/scanner/libwarnlib-1.0.so.p/.._.._gobject-introspection-tests_warnlib.c.o
[16/149] Compiling C object tests/scanner/libsletter-1.0.so.p/sletter.c.o
[17/149] Compiling C object tests/scanner/libtypedef-1.0.so.p/typedefs.c.o
[18/149] Linking target tests/scanner/libwarnlib-1.0.so
[19/149] Compiling C object tests/offsets/gitestoffsets.p/gitestoffsets.c.o
[20/149] Compiling C object tests/offsets/liboffsets-1.0.so.1.0.0.p/offsets.c.o
[21/149] Linking target tests/scanner/libgtkfrob-1.0.so
[22/149] Compiling C object tests/libgimarshallingtests-1.0.so.1.0.0.p/.._gobject-introspection-tests_gimarshallingtestsextra.c.o
[23/149] Compiling C object tests/libgimarshallingtests-1.0.so.1.0.0.p/.._gobject-introspection-tests_gimarshallingtests.c.o
[24/149] Copying file gir/win32-1.0.gir
[25/149] Copying file gir/xrandr-1.3.gir
[26/149] Linking target tests/scanner/libutility-1.0.so
[27/149] Linking target tests/scanner/libgettype-1.0.so
[28/149] Linking target tests/scanner/libtypedef-1.0.so
[29/149] Copying file gir/xfixes-4.0.gir
[30/149] Linking target tests/offsets/liboffsets-1.0.so.1.0.0
[31/149] Linking target tests/scanner/libsletter-1.0.so
[32/149] Copying file gir/xlib-2.0.gir
[33/149] Copying file gir/xft-2.0.gir
[34/149] Copying file gir/Vulkan-1.0.gir
[35/149] Copying file gir/libxml2-2.0.gir
[36/149] Copying file gir/GL-1.0.gir
[37/149] Copying file gir/freetype2-2.0.gir
[38/149] Copying file gir/fontconfig-2.0.gir
[39/149] Copying file gir/DBusGLib-1.0.gir
[40/149] Copying file gir/DBus-1.0.gir
[41/149] Compiling C object giscanner/_giscanner.cpython-312-x86_64-linux-musl.so.p/giscannermodule.c.o
[42/149] Generating giscanner/scannerlexer with a custom command
[43/149] Generating giscanner/scannerparser with a custom command
[44/149] Copying file giscanner/gdump.c
[45/149] Compiling C object tools/g-ir-inspect.p/g-ir-inspect.c.o
[46/149] Compiling C object tools/g-ir-generate.p/generate.c.o
[47/149] Compiling C object tools/g-ir-compiler.p/compiler.c.o
[48/149] Compiling C object girepository/gthash-test.p/gthash-test.c.o
[49/149] Compiling C object girepository/libgirepository-1.0.so.1.0.0.p/givfuncinfo.c.o
[50/149] Compiling C object girepository/libgirepository-1.0.so.1.0.0.p/giversion.c.o
[51/149] Compiling C object girepository/libgirepository-1.0.so.1.0.0.p/giunioninfo.c.o
[52/149] Compiling C object girepository/libgirepository-1.0.so.1.0.0.p/gitypelib.c.o
[53/149] Compiling C object girepository/libgirepository-1.0.so.1.0.0.p/gitypeinfo.c.o
[54/149] Compiling C object girepository/libgirepository-1.0.so.1.0.0.p/gistructinfo.c.o
[55/149] Compiling C object girepository/libgirepository-1.0.so.1.0.0.p/gisignalinfo.c.o
[56/149] Compiling C object girepository/libgirepository-1.0.so.1.0.0.p/girffi.c.o
[57/149] Compiling C object girepository/libgirepository-1.0.so.1.0.0.p/girepository.c.o
[58/149] Compiling C object girepository/libgirepository-1.0.so.1.0.0.p/giregisteredtypeinfo.c.o
[59/149] Compiling C object girepository/libgirepository-1.0.so.1.0.0.p/gipropertyinfo.c.o
[60/149] Compiling C object girepository/libgirepository-1.0.so.1.0.0.p/giobjectinfo.c.o
[61/149] Compiling C object girepository/libgirepository-1.0.so.1.0.0.p/giinterfaceinfo.c.o
[62/149] Compiling C object girepository/libgirepository-1.0.so.1.0.0.p/ginvoke.c.o
[63/149] Compiling C object girepository/libgirepository-1.0.so.1.0.0.p/gifunctioninfo.c.o
[64/149] Compiling C object girepository/libgirepository-1.0.so.1.0.0.p/gifieldinfo.c.o
[65/149] Compiling C object girepository/libgirepository-1.0.so.1.0.0.p/gienuminfo.c.o
[66/149] Compiling C object girepository/libgirepository-1.0.so.1.0.0.p/giconstantinfo.c.o
[67/149] Compiling C object girepository/libgirepository-1.0.so.1.0.0.p/gicallableinfo.c.o
[68/149] Compiling C object girepository/libgirepository-1.0.so.1.0.0.p/gibaseinfo.c.o
[69/149] Compiling C object girepository/libgirepository-1.0.so.1.0.0.p/giarginfo.c.o
[70/149] Compiling C object girepository/libgirepository-1.0.so.1.0.0.p/gdump.c.o
[71/149] Compiling C object girepository/libgirepository-internals.a.p/girwriter.c.o
[72/149] Compiling C object girepository/libgirepository-internals.a.p/girparser.c.o
[73/149] Compiling C object girepository/libgirepository-internals.a.p/giroffsets.c.o
[74/149] Compiling C object girepository/libgirepository-internals.a.p/girnode.c.o
[75/149] Compiling C object girepository/libgirepository-internals.a.p/girmodule.c.o
[76/149] Compiling C object girepository/libgirepository-gthash.a.p/gthash.c.o
[77/149] Linking target tests/scanner/libregress-1.0.so
[78/149] Compiling C object girepository/cmph/cmph-bdz-test.p/.._cmph-bdz-test.c.o
[79/149] Compiling C object girepository/cmph/libcmph.a.p/vstack.c.o
[80/149] Compiling C object girepository/cmph/libcmph.a.p/vqueue.c.o
[81/149] Compiling C object girepository/cmph/libcmph.a.p/select.c.o
[82/149] Compiling C object girepository/cmph/libcmph.a.p/miller_rabin.c.o
[83/149] Compiling C object girepository/cmph/libcmph.a.p/jenkins_hash.c.o
[84/149] Compiling C object girepository/cmph/libcmph.a.p/hash.c.o
[85/149] Compiling C object girepository/cmph/libcmph.a.p/graph.c.o
[86/149] Compiling C object girepository/cmph/libcmph.a.p/fch.c.o
[87/149] Compiling C object girepository/cmph/libcmph.a.p/fch_buckets.c.o
[88/149] Compiling C object girepository/cmph/libcmph.a.p/compressed_seq.c.o
[89/149] Compiling C object girepository/cmph/libcmph.a.p/compressed_rank.c.o
[90/149] Compiling C object girepository/cmph/libcmph.a.p/cmph_structs.c.o
[91/149] Compiling C object girepository/cmph/libcmph.a.p/cmph.c.o
[92/149] Compiling C object girepository/cmph/libcmph.a.p/chm.c.o
[93/149] Compiling C object girepository/cmph/libcmph.a.p/chd_ph.c.o
[94/149] Compiling C object girepository/cmph/libcmph.a.p/chd.c.o
[95/149] Compiling C object girepository/cmph/libcmph.a.p/buffer_manager.c.o
../giscanner/scannerparser.y: warning: 7 shift/reduce conflicts [-Wconflicts-sr]
../giscanner/scannerparser.y: note: rerun with option '-Wcounterexamples' to generate conflict counterexamples
[96/149] Compiling C object giscanner/libgiscanner.a.p/sourcescanner.c.o
[97/149] Compiling C object giscanner/libgiscanner.a.p/meson-generated_.._scannerlexer.c.o
[98/149] Compiling C object giscanner/libgiscanner.a.p/meson-generated_.._scannerparser.c.o
[99/149] Linking static target girepository/libgirepository-internals.a
[100/149] Compiling C object girepository/cmph/libcmph.a.p/buffer_entry.c.o
[101/149] Compiling C object girepository/cmph/libcmph.a.p/brz.c.o
[102/149] Linking static target girepository/libgirepository-gthash.a
[103/149] Compiling C object girepository/cmph/libcmph.a.p/bmz.c.o
[104/149] Compiling C object girepository/cmph/libcmph.a.p/bmz8.c.o
[105/149] Compiling C object girepository/cmph/libcmph.a.p/bdz_ph.c.o
[106/149] Compiling C object girepository/cmph/libcmph.a.p/bdz.c.o
[107/149] Linking target tests/libgimarshallingtests-1.0.so.1.0.0
[108/149] Linking static target girepository/cmph/libcmph.a
[109/149] Linking target girepository/gthash-test
[110/149] Linking target girepository/libgirepository-1.0.so.1.0.0
[111/149] Linking target girepository/cmph/cmph-bdz-test
[112/149] Linking static target giscanner/libgiscanner.a
[113/149] Linking target giscanner/_giscanner.cpython-312-x86_64-linux-musl.so
[114/149] Generating gir/gir-glib with a custom command (wrapped by meson to set env)
[115/149] Generating symbol file girepository/libgirepository-1.0.so.1.0.0.p/libgirepository-1.0.so.1.0.0.symbols
[116/149] Linking target tests/repository/gitypelibtest
[117/149] Linking target tests/repository/gitestthrows
[118/149] Linking target tests/repository/giteststructinfo
[119/149] Linking target tests/repository/gitestrepo
[120/149] Linking target tests/scanner/libbarapp-1.0.so
[121/149] Linking target tests/offsets/gitestoffsets
[122/149] Linking target tools/g-ir-inspect
[123/149] Linking target tools/g-ir-generate
[124/149] Linking target tools/g-ir-compiler
/usr/include/glib-2.0/glib/gstdio.h:61: the __GI_SCANNER__ constant should only be used with simple #ifdef or #endif: #if  defined(G_OS_UNIX) && !defined(G_STDIO_WRAP_ON_UNIX) && !defined(__GI_SCANNER__)

[125/149] Generating gir/gir-gmodule with a custom command (wrapped by meson to set env)
[126/149] Generating gir/gir-gobject with a custom command (wrapped by meson to set env)
[127/149] Generating gir/GModule-2.0.typelib with a custom command
[128/149] Generating gir/GObject-2.0.typelib with a custom command
[129/149] Generating gir/GLib-2.0.typelib with a custom command
[130/149] Generating gir/cairo-1.0.typelib with a custom command
[131/149] Generating gir/win32-1.0.typelib with a custom command
[132/149] Generating gir/xrandr-1.3.typelib with a custom command
[133/149] Generating gir/xfixes-4.0.typelib with a custom command
[134/149] Generating gir/xlib-2.0.typelib with a custom command
[135/149] Generating gir/xft-2.0.typelib with a custom command
[136/149] Generating gir/Vulkan-1.0.typelib with a custom command
[137/149] Generating gir/libxml2-2.0.typelib with a custom command
[138/149] Generating gir/GL-1.0.typelib with a custom command
[139/149] Generating gir/freetype2-2.0.typelib with a custom command
[140/149] Generating gir/fontconfig-2.0.typelib with a custom command
[141/149] Generating gir/DBusGLib-1.0.typelib with a custom command
[142/149] Generating gir/DBus-1.0.typelib with a custom command
[143/149] Generating gir/gir-girepository with a custom command (wrapped by meson to set env)
[144/149] Generating gir/gir-gio with a custom command (wrapped by meson to set env)
[145/149] Generating gir/GIRepository-2.0.typelib with a custom command
[146/149] Generating gir/Gio-2.0.typelib with a custom command
[147/149] Generating tests/everything with a custom command (wrapped by meson to set env)
[148/149] Compiling C object tests/libeverything-1.0.so.1.0.0.p/meson-generated_.._everything.c.o
[149/149] Linking target tests/libeverything-1.0.so.1.0.0
INFO: autodetecting backend as ninja
INFO: calculating backend command to run: /usr/bin/ninja -C /tmp/src/gobject-introspection-1.84.0/output
 1/65 cmph-bdz-test                           OK              0.04s
 2/65 gthash-test                             OK              0.04s
 3/65 gi-testerEverything-1.0.typelib         FAIL            0.04s   exit status 1
>>> UBSAN_OPTIONS=halt_on_error=1:abort_on_error=1:print_summary=1:print_stacktrace=1 MALLOC_PERTURB_=47 MESON_TEST_ITERATION=1 ASAN_OPTIONS=halt_on_error=1:abort_on_error=1:print_summary=1 MSAN_OPTIONS=halt_on_error=1:abort_on_error=1:print_summary=1:print_stacktrace=1 /usr/bin/python3 /tmp/src/gobject-introspection-1.84.0/output/../tests/gi-tester tests/Everything-1.0.typelib
――――――――――――――――――――――――――――――――――――― ✀  ―――――――――――――――――――――――――――――――――――――
stderr:
Traceback (most recent call last):
  File "/tmp/src/gobject-introspection-1.84.0/output/../tests/gi-tester", line 122, in <module>
    sys.exit(main(sys.argv))
             ^^^^^^^^^^^^^^
  File "/tmp/src/gobject-introspection-1.84.0/output/../tests/gi-tester", line 89, in main
    raise SystemError("%s does not exist" % targetname)
SystemError: tests/Everything-1.0.typelib does not exist
――――――――――――――――――――――――――――――――――――――――――――――――――――――――――――――――――――――――――――――

 4/65 gi-testerGIMarshallingTests-1.0.typelib FAIL            0.04s   exit status 1
>>> MALLOC_PERTURB_=138 UBSAN_OPTIONS=halt_on_error=1:abort_on_error=1:print_summary=1:print_stacktrace=1 MESON_TEST_ITERATION=1 ASAN_OPTIONS=halt_on_error=1:abort_on_error=1:print_summary=1 MSAN_OPTIONS=halt_on_error=1:abort_on_error=1:print_summary=1:print_stacktrace=1 /usr/bin/python3 /tmp/src/gobject-introspection-1.84.0/output/../tests/gi-tester tests/GIMarshallingTests-1.0.typelib
――――――――――――――――――――――――――――――――――――― ✀  ―――――――――――――――――――――――――――――――――――――
stderr:
Traceback (most recent call last):
  File "/tmp/src/gobject-introspection-1.84.0/output/../tests/gi-tester", line 122, in <module>
    sys.exit(main(sys.argv))
             ^^^^^^^^^^^^^^
  File "/tmp/src/gobject-introspection-1.84.0/output/../tests/gi-tester", line 89, in main
    raise SystemError("%s does not exist" % targetname)
SystemError: tests/GIMarshallingTests-1.0.typelib does not exist
――――――――――――――――――――――――――――――――――――――――――――――――――――――――――――――――――――――――――――――

 5/65 test_offsets.py                         FAIL            0.09s   exit status 1
>>> top_builddir=/tmp/src/gobject-introspection-1.84.0/output/gir UBSAN_OPTIONS=halt_on_error=1:abort_on_error=1:print_summary=1:print_stacktrace=1 MALLOC_PERTURB_=17 MESON_TEST_ITERATION=1 ASAN_OPTIONS=halt_on_error=1:abort_on_error=1:print_summary=1 LD_LIBRARY_PATH=/tmp/src/gobject-introspection-1.84.0/output/girepository MSAN_OPTIONS=halt_on_error=1:abort_on_error=1:print_summary=1:print_stacktrace=1 builddir=/tmp/src/gobject-introspection-1.84.0/output/tests/offsets /usr/bin/python3 /tmp/src/gobject-introspection-1.84.0/output/../tests/offsets/test_offsets.py
――――――――――――――――――――――――――――――――――――― ✀  ―――――――――――――――――――――――――――――――――――――
stderr:

** (process:1065): ERROR **: 19:34:14.462: Failed to load Offsets-1.0.typelib: Typelib file for namespace 'Offsets', version '1.0' not found
E
======================================================================
ERROR: test_main (__main__.TestOffsets.test_main)
----------------------------------------------------------------------
Traceback (most recent call last):
  File "/tmp/src/gobject-introspection-1.84.0/output/../tests/offsets/test_offsets.py", line 33, in test_main
    subprocess.check_call(
  File "/usr/lib/python3.12/subprocess.py", line 413, in check_call
    raise CalledProcessError(retcode, cmd)
subprocess.CalledProcessError: Command '['/tmp/src/gobject-introspection-1.84.0/output/tests/offsets/gitestoffsets', '/tmp/tmp_m3loqv_.compiled', '/tmp/tmpguai9j8u.introspected']' died with <Signals.SIGTRAP: 5>.

----------------------------------------------------------------------
Ran 1 test in 0.004s

FAILED (errors=1)
――――――――――――――――――――――――――――――――――――――――――――――――――――――――――――――――――――――――――――――

 6/65 warn-annotationparser                   OK              0.38s
 7/65 warn-enum-leading-number                OK              0.37s
 8/65 warn-callback-invalid-scope             OK              0.38s
 9/65 warn-invalid-constructor                OK              0.39s
10/65 warn-invalid-out                        OK              0.38s
11/65 warn-invalid-option                     OK              0.40s
12/65 warn-callback-invalid-destroy           OK              0.51s
13/65 warn-callback-missing-scope             OK              0.52s
14/65 warn-invalid-closure                    OK              0.52s
15/65 warn-invalid-return                     OK              0.46s
16/65 warn-invalid-array                      OK              0.53s
17/65 warn-invalid-allow-none                 OK              0.53s
18/65 warn-invalid-method                     OK              0.52s
19/65 warn-invalid-nullable                   OK              0.53s
20/65 warn-invalid-element-type               OK              0.54s
21/65 warn-invalid-optional                   OK              0.53s
22/65 gi-tester-Typedefs-1.0.gir              FAIL            0.04s   exit status 1
>>> srcdir=/tmp/src/gobject-introspection-1.84.0/tests/scanner builddir=/tmp/src/gobject-introspection-1.84.0/output/tests/scanner UBSAN_OPTIONS=halt_on_error=1:abort_on_error=1:print_summary=1:print_stacktrace=1 MESON_TEST_ITERATION=1 ASAN_OPTIONS=halt_on_error=1:abort_on_error=1:print_summary=1 MSAN_OPTIONS=halt_on_error=1:abort_on_error=1:print_summary=1:print_stacktrace=1 MALLOC_PERTURB_=249 /usr/bin/python3 /tmp/src/gobject-introspection-1.84.0/output/../tests/scanner/../gi-tester Typedefs-1.0.gir
――――――――――――――――――――――――――――――――――――― ✀  ―――――――――――――――――――――――――――――――――――――
stderr:
Traceback (most recent call last):
  File "/tmp/src/gobject-introspection-1.84.0/output/../tests/scanner/../gi-tester", line 122, in <module>
    sys.exit(main(sys.argv))
             ^^^^^^^^^^^^^^
  File "/tmp/src/gobject-introspection-1.84.0/output/../tests/scanner/../gi-tester", line 98, in main
    assert_no_diff(expected, actual, ignore=ignore)
  File "/tmp/src/gobject-introspection-1.84.0/output/../tests/scanner/../gi-tester", line 73, in assert_no_diff
    assert_files_no_diff(a, b, ignore=ignore)
  File "/tmp/src/gobject-introspection-1.84.0/output/../tests/scanner/../gi-tester", line 28, in assert_files_no_diff
    io.open(b, encoding="utf-8") as bh:
    ^^^^^^^^^^^^^^^^^^^^^^^^^^^^
FileNotFoundError: [Errno 2] No such file or directory: '/tmp/src/gobject-introspection-1.84.0/output/tests/scanner/Typedefs-1.0.gir'
――――――――――――――――――――――――――――――――――――――――――――――――――――――――――――――――――――――――――――――

23/65 test_xmlwriter.py                       OK              0.08s
24/65 gi-tester-Bar-1.0.gir                   FAIL            0.06s   exit status 1
>>> srcdir=/tmp/src/gobject-introspection-1.84.0/tests/scanner builddir=/tmp/src/gobject-introspection-1.84.0/output/tests/scanner UBSAN_OPTIONS=halt_on_error=1:abort_on_error=1:print_summary=1:print_stacktrace=1 MALLOC_PERTURB_=141 MESON_TEST_ITERATION=1 ASAN_OPTIONS=halt_on_error=1:abort_on_error=1:print_summary=1 MSAN_OPTIONS=halt_on_error=1:abort_on_error=1:print_summary=1:print_stacktrace=1 /usr/bin/python3 /tmp/src/gobject-introspection-1.84.0/output/../tests/scanner/../gi-tester Bar-1.0.gir
――――――――――――――――――――――――――――――――――――― ✀  ―――――――――――――――――――――――――――――――――――――
stderr:
Traceback (most recent call last):
  File "/tmp/src/gobject-introspection-1.84.0/output/../tests/scanner/../gi-tester", line 122, in <module>
    sys.exit(main(sys.argv))
             ^^^^^^^^^^^^^^
  File "/tmp/src/gobject-introspection-1.84.0/output/../tests/scanner/../gi-tester", line 98, in main
    assert_no_diff(expected, actual, ignore=ignore)
  File "/tmp/src/gobject-introspection-1.84.0/output/../tests/scanner/../gi-tester", line 73, in assert_no_diff
    assert_files_no_diff(a, b, ignore=ignore)
  File "/tmp/src/gobject-introspection-1.84.0/output/../tests/scanner/../gi-tester", line 28, in assert_files_no_diff
    io.open(b, encoding="utf-8") as bh:
    ^^^^^^^^^^^^^^^^^^^^^^^^^^^^
FileNotFoundError: [Errno 2] No such file or directory: '/tmp/src/gobject-introspection-1.84.0/output/tests/scanner/Bar-1.0.gir'
――――――――――――――――――――――――――――――――――――――――――――――――――――――――――――――――――――――――――――――

25/65 test_docwriter.py                       OK              0.10s
26/65 gi-tester-SLetter-1.0.gir               FAIL            0.05s   exit status 1
>>> srcdir=/tmp/src/gobject-introspection-1.84.0/tests/scanner builddir=/tmp/src/gobject-introspection-1.84.0/output/tests/scanner UBSAN_OPTIONS=halt_on_error=1:abort_on_error=1:print_summary=1:print_stacktrace=1 MESON_TEST_ITERATION=1 ASAN_OPTIONS=halt_on_error=1:abort_on_error=1:print_summary=1 MALLOC_PERTURB_=56 MSAN_OPTIONS=halt_on_error=1:abort_on_error=1:print_summary=1:print_stacktrace=1 /usr/bin/python3 /tmp/src/gobject-introspection-1.84.0/output/../tests/scanner/../gi-tester SLetter-1.0.gir
――――――――――――――――――――――――――――――――――――― ✀  ―――――――――――――――――――――――――――――――――――――
stderr:
Traceback (most recent call last):
  File "/tmp/src/gobject-introspection-1.84.0/output/../tests/scanner/../gi-tester", line 122, in <module>
    sys.exit(main(sys.argv))
             ^^^^^^^^^^^^^^
  File "/tmp/src/gobject-introspection-1.84.0/output/../tests/scanner/../gi-tester", line 98, in main
    assert_no_diff(expected, actual, ignore=ignore)
  File "/tmp/src/gobject-introspection-1.84.0/output/../tests/scanner/../gi-tester", line 73, in assert_no_diff
    assert_files_no_diff(a, b, ignore=ignore)
  File "/tmp/src/gobject-introspection-1.84.0/output/../tests/scanner/../gi-tester", line 28, in assert_files_no_diff
    io.open(b, encoding="utf-8") as bh:
    ^^^^^^^^^^^^^^^^^^^^^^^^^^^^
FileNotFoundError: [Errno 2] No such file or directory: '/tmp/src/gobject-introspection-1.84.0/output/tests/scanner/SLetter-1.0.gir'
――――――――――――――――――――――――――――――――――――――――――――――――――――――――――――――――――――――――――――――

27/65 gi-tester-WarnLib-1.0.gir               FAIL            0.04s   exit status 1
>>> srcdir=/tmp/src/gobject-introspection-1.84.0/tests/scanner builddir=/tmp/src/gobject-introspection-1.84.0/output/tests/scanner UBSAN_OPTIONS=halt_on_error=1:abort_on_error=1:print_summary=1:print_stacktrace=1 MESON_TEST_ITERATION=1 MALLOC_PERTURB_=236 ASAN_OPTIONS=halt_on_error=1:abort_on_error=1:print_summary=1 MSAN_OPTIONS=halt_on_error=1:abort_on_error=1:print_summary=1:print_stacktrace=1 /usr/bin/python3 /tmp/src/gobject-introspection-1.84.0/output/../tests/scanner/../gi-tester WarnLib-1.0.gir
――――――――――――――――――――――――――――――――――――― ✀  ―――――――――――――――――――――――――――――――――――――
stderr:
Traceback (most recent call last):
  File "/tmp/src/gobject-introspection-1.84.0/output/../tests/scanner/../gi-tester", line 122, in <module>
    sys.exit(main(sys.argv))
             ^^^^^^^^^^^^^^
  File "/tmp/src/gobject-introspection-1.84.0/output/../tests/scanner/../gi-tester", line 98, in main
    assert_no_diff(expected, actual, ignore=ignore)
  File "/tmp/src/gobject-introspection-1.84.0/output/../tests/scanner/../gi-tester", line 73, in assert_no_diff
    assert_files_no_diff(a, b, ignore=ignore)
  File "/tmp/src/gobject-introspection-1.84.0/output/../tests/scanner/../gi-tester", line 28, in assert_files_no_diff
    io.open(b, encoding="utf-8") as bh:
    ^^^^^^^^^^^^^^^^^^^^^^^^^^^^
FileNotFoundError: [Errno 2] No such file or directory: '/tmp/src/gobject-introspection-1.84.0/output/tests/scanner/WarnLib-1.0.gir'
――――――――――――――――――――――――――――――――――――――――――――――――――――――――――――――――――――――――――――――

28/65 gi-tester-GtkFrob-1.0.gir               FAIL            0.04s   exit status 1
>>> srcdir=/tmp/src/gobject-introspection-1.84.0/tests/scanner MALLOC_PERTURB_=196 builddir=/tmp/src/gobject-introspection-1.84.0/output/tests/scanner UBSAN_OPTIONS=halt_on_error=1:abort_on_error=1:print_summary=1:print_stacktrace=1 MESON_TEST_ITERATION=1 ASAN_OPTIONS=halt_on_error=1:abort_on_error=1:print_summary=1 MSAN_OPTIONS=halt_on_error=1:abort_on_error=1:print_summary=1:print_stacktrace=1 /usr/bin/python3 /tmp/src/gobject-introspection-1.84.0/output/../tests/scanner/../gi-tester GtkFrob-1.0.gir
――――――――――――――――――――――――――――――――――――― ✀  ―――――――――――――――――――――――――――――――――――――
stderr:
Traceback (most recent call last):
  File "/tmp/src/gobject-introspection-1.84.0/output/../tests/scanner/../gi-tester", line 122, in <module>
    sys.exit(main(sys.argv))
             ^^^^^^^^^^^^^^
  File "/tmp/src/gobject-introspection-1.84.0/output/../tests/scanner/../gi-tester", line 98, in main
    assert_no_diff(expected, actual, ignore=ignore)
  File "/tmp/src/gobject-introspection-1.84.0/output/../tests/scanner/../gi-tester", line 73, in assert_no_diff
    assert_files_no_diff(a, b, ignore=ignore)
  File "/tmp/src/gobject-introspection-1.84.0/output/../tests/scanner/../gi-tester", line 28, in assert_files_no_diff
    io.open(b, encoding="utf-8") as bh:
    ^^^^^^^^^^^^^^^^^^^^^^^^^^^^
FileNotFoundError: [Errno 2] No such file or directory: '/tmp/src/gobject-introspection-1.84.0/output/tests/scanner/GtkFrob-1.0.gir'
――――――――――――――――――――――――――――――――――――――――――――――――――――――――――――――――――――――――――――――

29/65 gi-tester-Utility-1.0.gir               FAIL            0.07s   exit status 1
>>> srcdir=/tmp/src/gobject-introspection-1.84.0/tests/scanner MALLOC_PERTURB_=9 UBSAN_OPTIONS=halt_on_error=1:abort_on_error=1:print_summary=1:print_stacktrace=1 builddir=/tmp/src/gobject-introspection-1.84.0/output/tests/scanner MESON_TEST_ITERATION=1 ASAN_OPTIONS=halt_on_error=1:abort_on_error=1:print_summary=1 MSAN_OPTIONS=halt_on_error=1:abort_on_error=1:print_summary=1:print_stacktrace=1 /usr/bin/python3 /tmp/src/gobject-introspection-1.84.0/output/../tests/scanner/../gi-tester Utility-1.0.gir
――――――――――――――――――――――――――――――――――――― ✀  ―――――――――――――――――――――――――――――――――――――
stderr:
Traceback (most recent call last):
  File "/tmp/src/gobject-introspection-1.84.0/output/../tests/scanner/../gi-tester", line 122, in <module>
    sys.exit(main(sys.argv))
             ^^^^^^^^^^^^^^
  File "/tmp/src/gobject-introspection-1.84.0/output/../tests/scanner/../gi-tester", line 98, in main
    assert_no_diff(expected, actual, ignore=ignore)
  File "/tmp/src/gobject-introspection-1.84.0/output/../tests/scanner/../gi-tester", line 73, in assert_no_diff
    assert_files_no_diff(a, b, ignore=ignore)
  File "/tmp/src/gobject-introspection-1.84.0/output/../tests/scanner/../gi-tester", line 28, in assert_files_no_diff
    io.open(b, encoding="utf-8") as bh:
    ^^^^^^^^^^^^^^^^^^^^^^^^^^^^
FileNotFoundError: [Errno 2] No such file or directory: '/tmp/src/gobject-introspection-1.84.0/output/tests/scanner/Utility-1.0.gir'
――――――――――――――――――――――――――――――――――――――――――――――――――――――――――――――――――――――――――――――

30/65 gi-tester-GetType-1.0.gir               FAIL            0.05s   exit status 1
>>> srcdir=/tmp/src/gobject-introspection-1.84.0/tests/scanner MALLOC_PERTURB_=119 builddir=/tmp/src/gobject-introspection-1.84.0/output/tests/scanner UBSAN_OPTIONS=halt_on_error=1:abort_on_error=1:print_summary=1:print_stacktrace=1 MESON_TEST_ITERATION=1 ASAN_OPTIONS=halt_on_error=1:abort_on_error=1:print_summary=1 MSAN_OPTIONS=halt_on_error=1:abort_on_error=1:print_summary=1:print_stacktrace=1 /usr/bin/python3 /tmp/src/gobject-introspection-1.84.0/output/../tests/scanner/../gi-tester GetType-1.0.gir
――――――――――――――――――――――――――――――――――――― ✀  ―――――――――――――――――――――――――――――――――――――
stderr:
Traceback (most recent call last):
  File "/tmp/src/gobject-introspection-1.84.0/output/../tests/scanner/../gi-tester", line 122, in <module>
    sys.exit(main(sys.argv))
             ^^^^^^^^^^^^^^
  File "/tmp/src/gobject-introspection-1.84.0/output/../tests/scanner/../gi-tester", line 98, in main
    assert_no_diff(expected, actual, ignore=ignore)
  File "/tmp/src/gobject-introspection-1.84.0/output/../tests/scanner/../gi-tester", line 73, in assert_no_diff
    assert_files_no_diff(a, b, ignore=ignore)
  File "/tmp/src/gobject-introspection-1.84.0/output/../tests/scanner/../gi-tester", line 28, in assert_files_no_diff
    io.open(b, encoding="utf-8") as bh:
    ^^^^^^^^^^^^^^^^^^^^^^^^^^^^
FileNotFoundError: [Errno 2] No such file or directory: '/tmp/src/gobject-introspection-1.84.0/output/tests/scanner/GetType-1.0.gir'
――――――――――――――――――――――――――――――――――――――――――――――――――――――――――――――――――――――――――――――

31/65 warn-unresolved-type                    OK              0.30s
32/65 warn-invalid-transfer                   OK              0.33s
33/65 gi-tester-Symbolfilter-1.0.gir          FAIL            0.05s   exit status 1
>>> srcdir=/tmp/src/gobject-introspection-1.84.0/tests/scanner MALLOC_PERTURB_=27 builddir=/tmp/src/gobject-introspection-1.84.0/output/tests/scanner UBSAN_OPTIONS=halt_on_error=1:abort_on_error=1:print_summary=1:print_stacktrace=1 MESON_TEST_ITERATION=1 ASAN_OPTIONS=halt_on_error=1:abort_on_error=1:print_summary=1 MSAN_OPTIONS=halt_on_error=1:abort_on_error=1:print_summary=1:print_stacktrace=1 /usr/bin/python3 /tmp/src/gobject-introspection-1.84.0/output/../tests/scanner/../gi-tester Symbolfilter-1.0.gir
――――――――――――――――――――――――――――――――――――― ✀  ―――――――――――――――――――――――――――――――――――――
stderr:
Traceback (most recent call last):
  File "/tmp/src/gobject-introspection-1.84.0/output/../tests/scanner/../gi-tester", line 122, in <module>
    sys.exit(main(sys.argv))
             ^^^^^^^^^^^^^^
  File "/tmp/src/gobject-introspection-1.84.0/output/../tests/scanner/../gi-tester", line 98, in main
    assert_no_diff(expected, actual, ignore=ignore)
  File "/tmp/src/gobject-introspection-1.84.0/output/../tests/scanner/../gi-tester", line 73, in assert_no_diff
    assert_files_no_diff(a, b, ignore=ignore)
  File "/tmp/src/gobject-introspection-1.84.0/output/../tests/scanner/../gi-tester", line 28, in assert_files_no_diff
    io.open(b, encoding="utf-8") as bh:
    ^^^^^^^^^^^^^^^^^^^^^^^^^^^^
FileNotFoundError: [Errno 2] No such file or directory: '/tmp/src/gobject-introspection-1.84.0/output/tests/scanner/Symbolfilter-1.0.gir'
――――――――――――――――――――――――――――――――――――――――――――――――――――――――――――――――――――――――――――――

34/65 gi-tester-Identfilter-1.0.gir           FAIL            0.04s   exit status 1
>>> srcdir=/tmp/src/gobject-introspection-1.84.0/tests/scanner MALLOC_PERTURB_=201 builddir=/tmp/src/gobject-introspection-1.84.0/output/tests/scanner UBSAN_OPTIONS=halt_on_error=1:abort_on_error=1:print_summary=1:print_stacktrace=1 MESON_TEST_ITERATION=1 ASAN_OPTIONS=halt_on_error=1:abort_on_error=1:print_summary=1 MSAN_OPTIONS=halt_on_error=1:abort_on_error=1:print_summary=1:print_stacktrace=1 /usr/bin/python3 /tmp/src/gobject-introspection-1.84.0/output/../tests/scanner/../gi-tester Identfilter-1.0.gir
――――――――――――――――――――――――――――――――――――― ✀  ―――――――――――――――――――――――――――――――――――――
stderr:
Traceback (most recent call last):
  File "/tmp/src/gobject-introspection-1.84.0/output/../tests/scanner/../gi-tester", line 122, in <module>
    sys.exit(main(sys.argv))
             ^^^^^^^^^^^^^^
  File "/tmp/src/gobject-introspection-1.84.0/output/../tests/scanner/../gi-tester", line 98, in main
    assert_no_diff(expected, actual, ignore=ignore)
  File "/tmp/src/gobject-introspection-1.84.0/output/../tests/scanner/../gi-tester", line 73, in assert_no_diff
    assert_files_no_diff(a, b, ignore=ignore)
  File "/tmp/src/gobject-introspection-1.84.0/output/../tests/scanner/../gi-tester", line 28, in assert_files_no_diff
    io.open(b, encoding="utf-8") as bh:
    ^^^^^^^^^^^^^^^^^^^^^^^^^^^^
FileNotFoundError: [Errno 2] No such file or directory: '/tmp/src/gobject-introspection-1.84.0/output/tests/scanner/Identfilter-1.0.gir'
――――――――――――――――――――――――――――――――――――――――――――――――――――――――――――――――――――――――――――――

35/65 gi-tester-Regress-1.0.gir               FAIL            0.03s   exit status 1
>>> srcdir=/tmp/src/gobject-introspection-1.84.0/tests/scanner MALLOC_PERTURB_=194 builddir=/tmp/src/gobject-introspection-1.84.0/output/tests/scanner UBSAN_OPTIONS=halt_on_error=1:abort_on_error=1:print_summary=1:print_stacktrace=1 MESON_TEST_ITERATION=1 ASAN_OPTIONS=halt_on_error=1:abort_on_error=1:print_summary=1 MSAN_OPTIONS=halt_on_error=1:abort_on_error=1:print_summary=1:print_stacktrace=1 /usr/bin/python3 /tmp/src/gobject-introspection-1.84.0/output/../tests/scanner/../gi-tester Regress-1.0.gir
――――――――――――――――――――――――――――――――――――― ✀  ―――――――――――――――――――――――――――――――――――――
stderr:
Traceback (most recent call last):
  File "/tmp/src/gobject-introspection-1.84.0/output/../tests/scanner/../gi-tester", line 122, in <module>
    sys.exit(main(sys.argv))
             ^^^^^^^^^^^^^^
  File "/tmp/src/gobject-introspection-1.84.0/output/../tests/scanner/../gi-tester", line 98, in main
    assert_no_diff(expected, actual, ignore=ignore)
  File "/tmp/src/gobject-introspection-1.84.0/output/../tests/scanner/../gi-tester", line 73, in assert_no_diff
    assert_files_no_diff(a, b, ignore=ignore)
  File "/tmp/src/gobject-introspection-1.84.0/output/../tests/scanner/../gi-tester", line 28, in assert_files_no_diff
    io.open(b, encoding="utf-8") as bh:
    ^^^^^^^^^^^^^^^^^^^^^^^^^^^^
FileNotFoundError: [Errno 2] No such file or directory: '/tmp/src/gobject-introspection-1.84.0/output/tests/scanner/Regress-1.0.gir'
――――――――――――――――――――――――――――――――――――――――――――――――――――――――――――――――――――――――――――――

36/65 warn-return-gobject                     OK              0.36s
37/65 gi-tester-Typedefs-1.0.typelib          FAIL            0.04s   exit status 1
>>> UBSAN_OPTIONS=halt_on_error=1:abort_on_error=1:print_summary=1:print_stacktrace=1 MESON_TEST_ITERATION=1 ASAN_OPTIONS=halt_on_error=1:abort_on_error=1:print_summary=1 MSAN_OPTIONS=halt_on_error=1:abort_on_error=1:print_summary=1:print_stacktrace=1 MALLOC_PERTURB_=225 /usr/bin/python3 /tmp/src/gobject-introspection-1.84.0/output/../tests/scanner/../gi-tester /tmp/src/gobject-introspection-1.84.0/output/tests/scanner/Typedefs-1.0.typelib
――――――――――――――――――――――――――――――――――――― ✀  ―――――――――――――――――――――――――――――――――――――
stderr:
Traceback (most recent call last):
  File "/tmp/src/gobject-introspection-1.84.0/output/../tests/scanner/../gi-tester", line 122, in <module>
    sys.exit(main(sys.argv))
             ^^^^^^^^^^^^^^
  File "/tmp/src/gobject-introspection-1.84.0/output/../tests/scanner/../gi-tester", line 89, in main
    raise SystemError("%s does not exist" % targetname)
SystemError: /tmp/src/gobject-introspection-1.84.0/output/tests/scanner/Typedefs-1.0.typelib does not exist
――――――――――――――――――――――――――――――――――――――――――――――――――――――――――――――――――――――――――――――

38/65 gi-tester-RegressUnix-1.0.gir           FAIL            0.05s   exit status 1
>>> srcdir=/tmp/src/gobject-introspection-1.84.0/tests/scanner builddir=/tmp/src/gobject-introspection-1.84.0/output/tests/scanner UBSAN_OPTIONS=halt_on_error=1:abort_on_error=1:print_summary=1:print_stacktrace=1 MESON_TEST_ITERATION=1 ASAN_OPTIONS=halt_on_error=1:abort_on_error=1:print_summary=1 MALLOC_PERTURB_=40 MSAN_OPTIONS=halt_on_error=1:abort_on_error=1:print_summary=1:print_stacktrace=1 /usr/bin/python3 /tmp/src/gobject-introspection-1.84.0/output/../tests/scanner/../gi-tester RegressUnix-1.0.gir
――――――――――――――――――――――――――――――――――――― ✀  ―――――――――――――――――――――――――――――――――――――
stderr:
Traceback (most recent call last):
  File "/tmp/src/gobject-introspection-1.84.0/output/../tests/scanner/../gi-tester", line 122, in <module>
    sys.exit(main(sys.argv))
             ^^^^^^^^^^^^^^
  File "/tmp/src/gobject-introspection-1.84.0/output/../tests/scanner/../gi-tester", line 98, in main
    assert_no_diff(expected, actual, ignore=ignore)
  File "/tmp/src/gobject-introspection-1.84.0/output/../tests/scanner/../gi-tester", line 73, in assert_no_diff
    assert_files_no_diff(a, b, ignore=ignore)
  File "/tmp/src/gobject-introspection-1.84.0/output/../tests/scanner/../gi-tester", line 28, in assert_files_no_diff
    io.open(b, encoding="utf-8") as bh:
    ^^^^^^^^^^^^^^^^^^^^^^^^^^^^
FileNotFoundError: [Errno 2] No such file or directory: '/tmp/src/gobject-introspection-1.84.0/output/tests/scanner/RegressUnix-1.0.gir'
――――――――――――――――――――――――――――――――――――――――――――――――――――――――――――――――――――――――――――――

39/65 gi-tester-Bar-1.0.typelib               FAIL            0.05s   exit status 1
>>> MALLOC_PERTURB_=83 UBSAN_OPTIONS=halt_on_error=1:abort_on_error=1:print_summary=1:print_stacktrace=1 MESON_TEST_ITERATION=1 ASAN_OPTIONS=halt_on_error=1:abort_on_error=1:print_summary=1 MSAN_OPTIONS=halt_on_error=1:abort_on_error=1:print_summary=1:print_stacktrace=1 /usr/bin/python3 /tmp/src/gobject-introspection-1.84.0/output/../tests/scanner/../gi-tester /tmp/src/gobject-introspection-1.84.0/output/tests/scanner/Bar-1.0.typelib
――――――――――――――――――――――――――――――――――――― ✀  ―――――――――――――――――――――――――――――――――――――
stderr:
Traceback (most recent call last):
  File "/tmp/src/gobject-introspection-1.84.0/output/../tests/scanner/../gi-tester", line 122, in <module>
    sys.exit(main(sys.argv))
             ^^^^^^^^^^^^^^
  File "/tmp/src/gobject-introspection-1.84.0/output/../tests/scanner/../gi-tester", line 89, in main
    raise SystemError("%s does not exist" % targetname)
SystemError: /tmp/src/gobject-introspection-1.84.0/output/tests/scanner/Bar-1.0.typelib does not exist
――――――――――――――――――――――――――――――――――――――――――――――――――――――――――――――――――――――――――――――

40/65 gi-tester-Headeronly-1.0.gir            FAIL            0.07s   exit status 1
>>> srcdir=/tmp/src/gobject-introspection-1.84.0/tests/scanner builddir=/tmp/src/gobject-introspection-1.84.0/output/tests/scanner MALLOC_PERTURB_=90 UBSAN_OPTIONS=halt_on_error=1:abort_on_error=1:print_summary=1:print_stacktrace=1 MESON_TEST_ITERATION=1 ASAN_OPTIONS=halt_on_error=1:abort_on_error=1:print_summary=1 MSAN_OPTIONS=halt_on_error=1:abort_on_error=1:print_summary=1:print_stacktrace=1 /usr/bin/python3 /tmp/src/gobject-introspection-1.84.0/output/../tests/scanner/../gi-tester Headeronly-1.0.gir
――――――――――――――――――――――――――――――――――――― ✀  ―――――――――――――――――――――――――――――――――――――
stderr:
Traceback (most recent call last):
  File "/tmp/src/gobject-introspection-1.84.0/output/../tests/scanner/../gi-tester", line 122, in <module>
    sys.exit(main(sys.argv))
             ^^^^^^^^^^^^^^
  File "/tmp/src/gobject-introspection-1.84.0/output/../tests/scanner/../gi-tester", line 98, in main
    assert_no_diff(expected, actual, ignore=ignore)
  File "/tmp/src/gobject-introspection-1.84.0/output/../tests/scanner/../gi-tester", line 73, in assert_no_diff
    assert_files_no_diff(a, b, ignore=ignore)
  File "/tmp/src/gobject-introspection-1.84.0/output/../tests/scanner/../gi-tester", line 28, in assert_files_no_diff
    io.open(b, encoding="utf-8") as bh:
    ^^^^^^^^^^^^^^^^^^^^^^^^^^^^
FileNotFoundError: [Errno 2] No such file or directory: '/tmp/src/gobject-introspection-1.84.0/output/tests/scanner/Headeronly-1.0.gir'
――――――――――――――――――――――――――――――――――――――――――――――――――――――――――――――――――――――――――――――

41/65 gi-tester-SLetter-1.0.typelib           FAIL            0.05s   exit status 1
>>> UBSAN_OPTIONS=halt_on_error=1:abort_on_error=1:print_summary=1:print_stacktrace=1 MESON_TEST_ITERATION=1 ASAN_OPTIONS=halt_on_error=1:abort_on_error=1:print_summary=1 MSAN_OPTIONS=halt_on_error=1:abort_on_error=1:print_summary=1:print_stacktrace=1 MALLOC_PERTURB_=234 /usr/bin/python3 /tmp/src/gobject-introspection-1.84.0/output/../tests/scanner/../gi-tester /tmp/src/gobject-introspection-1.84.0/output/tests/scanner/SLetter-1.0.typelib
――――――――――――――――――――――――――――――――――――― ✀  ―――――――――――――――――――――――――――――――――――――
stderr:
Traceback (most recent call last):
  File "/tmp/src/gobject-introspection-1.84.0/output/../tests/scanner/../gi-tester", line 122, in <module>
    sys.exit(main(sys.argv))
             ^^^^^^^^^^^^^^
  File "/tmp/src/gobject-introspection-1.84.0/output/../tests/scanner/../gi-tester", line 89, in main
    raise SystemError("%s does not exist" % targetname)
SystemError: /tmp/src/gobject-introspection-1.84.0/output/tests/scanner/SLetter-1.0.typelib does not exist
――――――――――――――――――――――――――――――――――――――――――――――――――――――――――――――――――――――――――――――

42/65 test_sourcescanner.py                   OK              0.26s
43/65 test_pkgconfig.py                       OK              0.24s
44/65 warn-unknown-parameter                  OK              0.39s
45/65 test_scanner.py                         OK              0.24s
46/65 gi-tester-GtkFrob-1.0.typelib           FAIL            0.05s   exit status 1
>>> UBSAN_OPTIONS=halt_on_error=1:abort_on_error=1:print_summary=1:print_stacktrace=1 MESON_TEST_ITERATION=1 ASAN_OPTIONS=halt_on_error=1:abort_on_error=1:print_summary=1 MSAN_OPTIONS=halt_on_error=1:abort_on_error=1:print_summary=1:print_stacktrace=1 MALLOC_PERTURB_=72 /usr/bin/python3 /tmp/src/gobject-introspection-1.84.0/output/../tests/scanner/../gi-tester /tmp/src/gobject-introspection-1.84.0/output/tests/scanner/GtkFrob-1.0.typelib
――――――――――――――――――――――――――――――――――――― ✀  ―――――――――――――――――――――――――――――――――――――
stderr:
Traceback (most recent call last):
  File "/tmp/src/gobject-introspection-1.84.0/output/../tests/scanner/../gi-tester", line 122, in <module>
    sys.exit(main(sys.argv))
             ^^^^^^^^^^^^^^
  File "/tmp/src/gobject-introspection-1.84.0/output/../tests/scanner/../gi-tester", line 89, in main
    raise SystemError("%s does not exist" % targetname)
SystemError: /tmp/src/gobject-introspection-1.84.0/output/tests/scanner/GtkFrob-1.0.typelib does not exist
――――――――――――――――――――――――――――――――――――――――――――――――――――――――――――――――――――――――――――――

47/65 test_ccompiler.py                       OK              0.37s
48/65 gi-tester-WarnLib-1.0.typelib           FAIL            0.07s   exit status 1
>>> UBSAN_OPTIONS=halt_on_error=1:abort_on_error=1:print_summary=1:print_stacktrace=1 MESON_TEST_ITERATION=1 ASAN_OPTIONS=halt_on_error=1:abort_on_error=1:print_summary=1 MALLOC_PERTURB_=28 MSAN_OPTIONS=halt_on_error=1:abort_on_error=1:print_summary=1:print_stacktrace=1 /usr/bin/python3 /tmp/src/gobject-introspection-1.84.0/output/../tests/scanner/../gi-tester /tmp/src/gobject-introspection-1.84.0/output/tests/scanner/WarnLib-1.0.typelib
――――――――――――――――――――――――――――――――――――― ✀  ―――――――――――――――――――――――――――――――――――――
stderr:
Traceback (most recent call last):
  File "/tmp/src/gobject-introspection-1.84.0/output/../tests/scanner/../gi-tester", line 122, in <module>
    sys.exit(main(sys.argv))
             ^^^^^^^^^^^^^^
  File "/tmp/src/gobject-introspection-1.84.0/output/../tests/scanner/../gi-tester", line 89, in main
    raise SystemError("%s does not exist" % targetname)
SystemError: /tmp/src/gobject-introspection-1.84.0/output/tests/scanner/WarnLib-1.0.typelib does not exist
――――――――――――――――――――――――――――――――――――――――――――――――――――――――――――――――――――――――――――――

49/65 gi-tester-Identfilter-1.0.typelib       FAIL            0.04s   exit status 1
>>> UBSAN_OPTIONS=halt_on_error=1:abort_on_error=1:print_summary=1:print_stacktrace=1 MALLOC_PERTURB_=212 MESON_TEST_ITERATION=1 ASAN_OPTIONS=halt_on_error=1:abort_on_error=1:print_summary=1 MSAN_OPTIONS=halt_on_error=1:abort_on_error=1:print_summary=1:print_stacktrace=1 /usr/bin/python3 /tmp/src/gobject-introspection-1.84.0/output/../tests/scanner/../gi-tester /tmp/src/gobject-introspection-1.84.0/output/tests/scanner/Identfilter-1.0.typelib
――――――――――――――――――――――――――――――――――――― ✀  ―――――――――――――――――――――――――――――――――――――
stderr:
Traceback (most recent call last):
  File "/tmp/src/gobject-introspection-1.84.0/output/../tests/scanner/../gi-tester", line 122, in <module>
    sys.exit(main(sys.argv))
             ^^^^^^^^^^^^^^
  File "/tmp/src/gobject-introspection-1.84.0/output/../tests/scanner/../gi-tester", line 89, in main
    raise SystemError("%s does not exist" % targetname)
SystemError: /tmp/src/gobject-introspection-1.84.0/output/tests/scanner/Identfilter-1.0.typelib does not exist
――――――――――――――――――――――――――――――――――――――――――――――――――――――――――――――――――――――――――――――

50/65 gi-tester-Utility-1.0.typelib           FAIL            0.07s   exit status 1
>>> MALLOC_PERTURB_=146 UBSAN_OPTIONS=halt_on_error=1:abort_on_error=1:print_summary=1:print_stacktrace=1 MESON_TEST_ITERATION=1 ASAN_OPTIONS=halt_on_error=1:abort_on_error=1:print_summary=1 MSAN_OPTIONS=halt_on_error=1:abort_on_error=1:print_summary=1:print_stacktrace=1 /usr/bin/python3 /tmp/src/gobject-introspection-1.84.0/output/../tests/scanner/../gi-tester /tmp/src/gobject-introspection-1.84.0/output/tests/scanner/Utility-1.0.typelib
――――――――――――――――――――――――――――――――――――― ✀  ―――――――――――――――――――――――――――――――――――――
stderr:
Traceback (most recent call last):
  File "/tmp/src/gobject-introspection-1.84.0/output/../tests/scanner/../gi-tester", line 122, in <module>
    sys.exit(main(sys.argv))
             ^^^^^^^^^^^^^^
  File "/tmp/src/gobject-introspection-1.84.0/output/../tests/scanner/../gi-tester", line 89, in main
    raise SystemError("%s does not exist" % targetname)
SystemError: /tmp/src/gobject-introspection-1.84.0/output/tests/scanner/Utility-1.0.typelib does not exist
――――――――――――――――――――――――――――――――――――――――――――――――――――――――――――――――――――――――――――――

51/65 gi-tester-Symbolfilter-1.0.typelib      FAIL            0.05s   exit status 1
>>> UBSAN_OPTIONS=halt_on_error=1:abort_on_error=1:print_summary=1:print_stacktrace=1 MESON_TEST_ITERATION=1 ASAN_OPTIONS=halt_on_error=1:abort_on_error=1:print_summary=1 MSAN_OPTIONS=halt_on_error=1:abort_on_error=1:print_summary=1:print_stacktrace=1 MALLOC_PERTURB_=126 /usr/bin/python3 /tmp/src/gobject-introspection-1.84.0/output/../tests/scanner/../gi-tester /tmp/src/gobject-introspection-1.84.0/output/tests/scanner/Symbolfilter-1.0.typelib
――――――――――――――――――――――――――――――――――――― ✀  ―――――――――――――――――――――――――――――――――――――
stderr:
Traceback (most recent call last):
  File "/tmp/src/gobject-introspection-1.84.0/output/../tests/scanner/../gi-tester", line 122, in <module>
    sys.exit(main(sys.argv))
             ^^^^^^^^^^^^^^
  File "/tmp/src/gobject-introspection-1.84.0/output/../tests/scanner/../gi-tester", line 89, in main
    raise SystemError("%s does not exist" % targetname)
SystemError: /tmp/src/gobject-introspection-1.84.0/output/tests/scanner/Symbolfilter-1.0.typelib does not exist
――――――――――――――――――――――――――――――――――――――――――――――――――――――――――――――――――――――――――――――

52/65 gitestrepo                              OK              0.02s
53/65 gi-tester-Headeronly-1.0.typelib        FAIL            0.05s   exit status 1
>>> MALLOC_PERTURB_=255 UBSAN_OPTIONS=halt_on_error=1:abort_on_error=1:print_summary=1:print_stacktrace=1 MESON_TEST_ITERATION=1 ASAN_OPTIONS=halt_on_error=1:abort_on_error=1:print_summary=1 MSAN_OPTIONS=halt_on_error=1:abort_on_error=1:print_summary=1:print_stacktrace=1 /usr/bin/python3 /tmp/src/gobject-introspection-1.84.0/output/../tests/scanner/../gi-tester /tmp/src/gobject-introspection-1.84.0/output/tests/scanner/Headeronly-1.0.typelib
――――――――――――――――――――――――――――――――――――― ✀  ―――――――――――――――――――――――――――――――――――――
stderr:
Traceback (most recent call last):
  File "/tmp/src/gobject-introspection-1.84.0/output/../tests/scanner/../gi-tester", line 122, in <module>
    sys.exit(main(sys.argv))
             ^^^^^^^^^^^^^^
  File "/tmp/src/gobject-introspection-1.84.0/output/../tests/scanner/../gi-tester", line 89, in main
    raise SystemError("%s does not exist" % targetname)
SystemError: /tmp/src/gobject-introspection-1.84.0/output/tests/scanner/Headeronly-1.0.typelib does not exist
――――――――――――――――――――――――――――――――――――――――――――――――――――――――――――――――――――――――――――――

54/65 giteststructinfo                        FAIL            0.01s   killed by signal 6 SIGABRT
>>> MALLOC_PERTURB_=228 LD_LIBRARY_PATH=/tmp/src/gobject-introspection-1.84.0/output/girepository:/tmp/src/gobject-introspection-1.84.0/output/tests/scanner UBSAN_OPTIONS=halt_on_error=1:abort_on_error=1:print_summary=1:print_stacktrace=1 MESON_TEST_ITERATION=1 ASAN_OPTIONS=halt_on_error=1:abort_on_error=1:print_summary=1 MSAN_OPTIONS=halt_on_error=1:abort_on_error=1:print_summary=1:print_stacktrace=1 GI_TYPELIB_PATH=/tmp/src/gobject-introspection-1.84.0/output/gir:/tmp/src/gobject-introspection-1.84.0/output/tests:/tmp/src/gobject-introspection-1.84.0/output/tests/scanner DYLD_LIBRARY_PATH=/tmp/src/gobject-introspection-1.84.0/output/tests/scanner /tmp/src/gobject-introspection-1.84.0/output/tests/repository/giteststructinfo
――――――――――――――――――――――――――――――――――――― ✀  ―――――――――――――――――――――――――――――――――――――
stdout:
TAP version 14
# random seed: R02Sf8f2998acd7299a210fc9577a44e65e5
1..1
# Start of girepository tests
# Start of structinfo tests
not ok /girepository/structinfo/field-iterators - ERROR:../tests/repository/giteststructinfo.c:18:test_field_iterators: 'ret' should not be NULL
Bail out!
stderr:
**
ERROR:../tests/repository/giteststructinfo.c:18:test_field_iterators: 'ret' should not be NULL
――――――――――――――――――――――――――――――――――――――――――――――――――――――――――――――――――――――――――――――

55/65 gi-tester-GetType-1.0.typelib           FAIL            0.06s   exit status 1
>>> UBSAN_OPTIONS=halt_on_error=1:abort_on_error=1:print_summary=1:print_stacktrace=1 MESON_TEST_ITERATION=1 ASAN_OPTIONS=halt_on_error=1:abort_on_error=1:print_summary=1 MSAN_OPTIONS=halt_on_error=1:abort_on_error=1:print_summary=1:print_stacktrace=1 MALLOC_PERTURB_=227 /usr/bin/python3 /tmp/src/gobject-introspection-1.84.0/output/../tests/scanner/../gi-tester /tmp/src/gobject-introspection-1.84.0/output/tests/scanner/GetType-1.0.typelib
――――――――――――――――――――――――――――――――――――― ✀  ―――――――――――――――――――――――――――――――――――――
stderr:
Traceback (most recent call last):
  File "/tmp/src/gobject-introspection-1.84.0/output/../tests/scanner/../gi-tester", line 122, in <module>
    sys.exit(main(sys.argv))
             ^^^^^^^^^^^^^^
  File "/tmp/src/gobject-introspection-1.84.0/output/../tests/scanner/../gi-tester", line 89, in main
    raise SystemError("%s does not exist" % targetname)
SystemError: /tmp/src/gobject-introspection-1.84.0/output/tests/scanner/GetType-1.0.typelib does not exist
――――――――――――――――――――――――――――――――――――――――――――――――――――――――――――――――――――――――――――――

56/65 test_maintransformer.py                 OK              0.26s
57/65 gitestthrows                            FAIL            0.01s   killed by signal 6 SIGABRT
>>> LD_LIBRARY_PATH=/tmp/src/gobject-introspection-1.84.0/output/girepository:/tmp/src/gobject-introspection-1.84.0/output/tests/scanner UBSAN_OPTIONS=halt_on_error=1:abort_on_error=1:print_summary=1:print_stacktrace=1 MESON_TEST_ITERATION=1 ASAN_OPTIONS=halt_on_error=1:abort_on_error=1:print_summary=1 MALLOC_PERTURB_=197 MSAN_OPTIONS=halt_on_error=1:abort_on_error=1:print_summary=1:print_stacktrace=1 GI_TYPELIB_PATH=/tmp/src/gobject-introspection-1.84.0/output/gir:/tmp/src/gobject-introspection-1.84.0/output/tests:/tmp/src/gobject-introspection-1.84.0/output/tests/scanner DYLD_LIBRARY_PATH=/tmp/src/gobject-introspection-1.84.0/output/tests/scanner /tmp/src/gobject-introspection-1.84.0/output/tests/repository/gitestthrows
――――――――――――――――――――――――――――――――――――― ✀  ―――――――――――――――――――――――――――――――――――――
stdout:
TAP version 14
# random seed: R02Sf028d3de3d94a809b0f83a312bd6daa6
1..3
# Start of girepository tests
# Start of throws tests
ok 1 /girepository/throws/invoke-gerror
not ok /girepository/throws/vfunc-can-throw-gerror - ERROR:../tests/repository/gitestthrows.c:58:test_vfunc_can_throw_gerror: 'ret' should not be NULL
Bail out!
stderr:
**
ERROR:../tests/repository/gitestthrows.c:58:test_vfunc_can_throw_gerror: 'ret' should not be NULL
――――――――――――――――――――――――――――――――――――――――――――――――――――――――――――――――――――――――――――――

58/65 gitypelibtest                           FAIL            0.01s   killed by signal 5 SIGTRAP
>>> LD_LIBRARY_PATH=/tmp/src/gobject-introspection-1.84.0/output/girepository:/tmp/src/gobject-introspection-1.84.0/output/tests/scanner MALLOC_PERTURB_=63 UBSAN_OPTIONS=halt_on_error=1:abort_on_error=1:print_summary=1:print_stacktrace=1 MESON_TEST_ITERATION=1 ASAN_OPTIONS=halt_on_error=1:abort_on_error=1:print_summary=1 MSAN_OPTIONS=halt_on_error=1:abort_on_error=1:print_summary=1:print_stacktrace=1 GI_TYPELIB_PATH=/tmp/src/gobject-introspection-1.84.0/output/gir:/tmp/src/gobject-introspection-1.84.0/output/tests:/tmp/src/gobject-introspection-1.84.0/output/tests/scanner DYLD_LIBRARY_PATH=/tmp/src/gobject-introspection-1.84.0/output/tests/scanner /tmp/src/gobject-introspection-1.84.0/output/tests/repository/gitypelibtest
――――――――――――――――――――――――――――――――――――― ✀  ―――――――――――――――――――――――――――――――――――――
stderr:

** (process:1196): ERROR **: 19:34:15.215: Typelib file for namespace 'GIMarshallingTests' (any version) not found
――――――――――――――――――――――――――――――――――――――――――――――――――――――――――――――――――――――――――――――

59/65 warn-missing-element-type               OK              0.45s
60/65 test_shlibs.py                          OK              0.32s
61/65 gi-tester-Regress-1.0.typelib           FAIL            0.05s   exit status 1
>>> UBSAN_OPTIONS=halt_on_error=1:abort_on_error=1:print_summary=1:print_stacktrace=1 MESON_TEST_ITERATION=1 ASAN_OPTIONS=halt_on_error=1:abort_on_error=1:print_summary=1 MALLOC_PERTURB_=218 MSAN_OPTIONS=halt_on_error=1:abort_on_error=1:print_summary=1:print_stacktrace=1 /usr/bin/python3 /tmp/src/gobject-introspection-1.84.0/output/../tests/scanner/../gi-tester /tmp/src/gobject-introspection-1.84.0/output/tests/scanner/Regress-1.0.typelib
――――――――――――――――――――――――――――――――――――― ✀  ―――――――――――――――――――――――――――――――――――――
stderr:
Traceback (most recent call last):
  File "/tmp/src/gobject-introspection-1.84.0/output/../tests/scanner/../gi-tester", line 122, in <module>
    sys.exit(main(sys.argv))
             ^^^^^^^^^^^^^^
  File "/tmp/src/gobject-introspection-1.84.0/output/../tests/scanner/../gi-tester", line 89, in main
    raise SystemError("%s does not exist" % targetname)
SystemError: /tmp/src/gobject-introspection-1.84.0/output/tests/scanner/Regress-1.0.typelib does not exist
――――――――――――――――――――――――――――――――――――――――――――――――――――――――――――――――――――――――――――――

62/65 gi-tester-RegressUnix-1.0.typelib       FAIL            0.05s   exit status 1
>>> UBSAN_OPTIONS=halt_on_error=1:abort_on_error=1:print_summary=1:print_stacktrace=1 MESON_TEST_ITERATION=1 ASAN_OPTIONS=halt_on_error=1:abort_on_error=1:print_summary=1 MALLOC_PERTURB_=7 MSAN_OPTIONS=halt_on_error=1:abort_on_error=1:print_summary=1:print_stacktrace=1 /usr/bin/python3 /tmp/src/gobject-introspection-1.84.0/output/../tests/scanner/../gi-tester /tmp/src/gobject-introspection-1.84.0/output/tests/scanner/RegressUnix-1.0.typelib
――――――――――――――――――――――――――――――――――――― ✀  ―――――――――――――――――――――――――――――――――――――
stderr:
Traceback (most recent call last):
  File "/tmp/src/gobject-introspection-1.84.0/output/../tests/scanner/../gi-tester", line 122, in <module>
    sys.exit(main(sys.argv))
             ^^^^^^^^^^^^^^
  File "/tmp/src/gobject-introspection-1.84.0/output/../tests/scanner/../gi-tester", line 89, in main
    raise SystemError("%s does not exist" % targetname)
SystemError: /tmp/src/gobject-introspection-1.84.0/output/tests/scanner/RegressUnix-1.0.typelib does not exist
――――――――――――――――――――――――――――――――――――――――――――――――――――――――――――――――――――――――――――――

63/65 test_patterns.py                        OK              0.15s
64/65 test_transformer.py                     OK              0.57s
65/65 test_parser.py                          OK              0.32s

Summary of Failures:

 3/65 gi-testerEverything-1.0.typelib         FAIL            0.04s   exit status 1
 4/65 gi-testerGIMarshallingTests-1.0.typelib FAIL            0.04s   exit status 1
 5/65 test_offsets.py                         FAIL            0.09s   exit status 1
22/65 gi-tester-Typedefs-1.0.gir              FAIL            0.04s   exit status 1
24/65 gi-tester-Bar-1.0.gir                   FAIL            0.06s   exit status 1
26/65 gi-tester-SLetter-1.0.gir               FAIL            0.05s   exit status 1
27/65 gi-tester-WarnLib-1.0.gir               FAIL            0.04s   exit status 1
28/65 gi-tester-GtkFrob-1.0.gir               FAIL            0.04s   exit status 1
29/65 gi-tester-Utility-1.0.gir               FAIL            0.07s   exit status 1
30/65 gi-tester-GetType-1.0.gir               FAIL            0.05s   exit status 1
33/65 gi-tester-Symbolfilter-1.0.gir          FAIL            0.05s   exit status 1
34/65 gi-tester-Identfilter-1.0.gir           FAIL            0.04s   exit status 1
35/65 gi-tester-Regress-1.0.gir               FAIL            0.03s   exit status 1
37/65 gi-tester-Typedefs-1.0.typelib          FAIL            0.04s   exit status 1
38/65 gi-tester-RegressUnix-1.0.gir           FAIL            0.05s   exit status 1
39/65 gi-tester-Bar-1.0.typelib               FAIL            0.05s   exit status 1
40/65 gi-tester-Headeronly-1.0.gir            FAIL            0.07s   exit status 1
41/65 gi-tester-SLetter-1.0.typelib           FAIL            0.05s   exit status 1
46/65 gi-tester-GtkFrob-1.0.typelib           FAIL            0.05s   exit status 1
48/65 gi-tester-WarnLib-1.0.typelib           FAIL            0.07s   exit status 1
49/65 gi-tester-Identfilter-1.0.typelib       FAIL            0.04s   exit status 1
50/65 gi-tester-Utility-1.0.typelib           FAIL            0.07s   exit status 1
51/65 gi-tester-Symbolfilter-1.0.typelib      FAIL            0.05s   exit status 1
53/65 gi-tester-Headeronly-1.0.typelib        FAIL            0.05s   exit status 1
54/65 giteststructinfo                        FAIL            0.01s   killed by signal 6 SIGABRT
55/65 gi-tester-GetType-1.0.typelib           FAIL            0.06s   exit status 1
57/65 gitestthrows                            FAIL            0.01s   killed by signal 6 SIGABRT
58/65 gitypelibtest                           FAIL            0.01s   killed by signal 5 SIGTRAP
61/65 gi-tester-Regress-1.0.typelib           FAIL            0.05s   exit status 1
62/65 gi-tester-RegressUnix-1.0.typelib       FAIL            0.05s   exit status 1

Ok:                35  
Fail:              30  

Full log written to /tmp/src/gobject-introspection-1.84.0/output/meson-logs/testlog.txt
>>> ERROR: gobject-introspection: check failed
>>> ERROR: gobject-introspection: rootbld failed
>>> gobject-introspection: Cleaning up build chroot
