>>> gobject-introspection: Validating /home/packager/oily-pine/main/gobject-introspection/APKBUILD...
>>> gobject-introspection: Cleaning up srcdir
>>> gobject-introspection: Cleaning up pkgdir
>>> gobject-introspection: Cleaning up tmpdir
>>> gobject-introspection: Fetching https://download.gnome.org/sources/gobject-introspection/1.84/gobject-introspection-1.84.0.tar.xz
  % Total    % Received % Xferd  Average Speed   Time    Time     Time  Current
                                 Dload  Upload   Total   Spent    Left  Speed
  0     0    0     0    0     0      0      0 --:--:-- --:--:-- --:--:--     0100 1054k  100 1054k    0     0  2939k      0 --:--:-- --:--:-- --:--:-- 2946k
>>> gobject-introspection: Fetching https://download.gnome.org/sources/gobject-introspection/1.84/gobject-introspection-1.84.0.tar.xz
>>> gobject-introspection: Checking sha512sums...
gobject-introspection-1.84.0.tar.xz: OK
>>> gobject-introspection: Preparing build chroot...
fetch http://dl-cdn.alpinelinux.org/alpine/edge/main/x86_64/APKINDEX.tar.gz
(1/176) Installing musl (1.2.5-r10)
(2/176) Installing libcrypto3 (3.5.0-r0)
(3/176) Installing ca-certificates-bundle (20241121-r2)
(4/176) Installing libssl3 (3.5.0-r0)
(5/176) Installing zlib (1.3.1-r2)
(6/176) Installing libapk2 (2.14.9-r2)
(7/176) Installing apk-tools (2.14.9-r2)
(8/176) Installing libcap2 (2.76-r0)
(9/176) Installing libcap-getcap (2.76-r0)
(10/176) Installing fakeroot (1.37.1.1-r0)
(11/176) Installing scanelf (1.3.8-r1)
(12/176) Installing musl-utils (1.2.5-r10)
(13/176) Installing libgcc (14.3.0-r0)
(14/176) Installing libstdc++ (14.3.0-r0)
(15/176) Installing lzip (1.25-r0)
(16/176) Installing openssl (3.5.0-r0)
(17/176) Installing patch (2.8-r0)
(18/176) Installing pkgconf (2.4.3-r0)
(19/176) Installing acl-libs (2.3.2-r1)
(20/176) Installing tar (1.35-r3)
(21/176) Installing busybox (1.37.0-r18)
Executing busybox-1.37.0-r18.post-install
(22/176) Installing ssl_client (1.37.0-r18)
(23/176) Installing busybox-binsh (1.37.0-r18)
(24/176) Installing abuild (3.15.0-r0)
Executing abuild-3.15.0-r0.pre-install
(25/176) Installing abuild-sudo (3.15.0-r0)
(26/176) Installing alpine-baselayout-data (3.7.0-r0)
(27/176) Installing alpine-baselayout (3.7.0-r0)
Executing alpine-baselayout-3.7.0-r0.pre-install
Executing alpine-baselayout-3.7.0-r0.post-install
(28/176) Installing bridge (1.5-r5)
(29/176) Installing ifupdown-ng (0.12.1-r7)
(30/176) Installing openrc-user (0.62.2-r2)
(31/176) Installing openrc (0.62.2-r2)
Executing openrc-0.62.2-r2.post-install
(32/176) Installing mdev-conf (4.8-r0)
(33/176) Installing busybox-mdev-openrc (1.37.0-r18)
(34/176) Installing alpine-conf (3.20.0-r0)
(35/176) Installing alpine-keys (2.5-r0)
(36/176) Installing alpine-release (3.22.0-r0)
(37/176) Installing busybox-openrc (1.37.0-r18)
(38/176) Installing busybox-suid (1.37.0-r18)
(39/176) Installing alpine-base (3.22.0-r0)
(40/176) Installing m4 (1.4.20-r0)
(41/176) Installing bison (3.8.2-r2)
(42/176) Installing jansson (2.14.1-r0)
(43/176) Installing zstd-libs (1.5.7-r0)
(44/176) Installing binutils (2.44-r0)
(45/176) Installing libmagic (5.46-r2)
(46/176) Installing file (5.46-r2)
(47/176) Installing libgomp (14.3.0-r0)
(48/176) Installing libatomic (14.3.0-r0)
(49/176) Installing gmp (6.3.0-r3)
(50/176) Installing isl26 (0.26-r1)
(51/176) Installing mpfr4 (4.2.1_p1-r0)
(52/176) Installing mpc1 (1.3.1-r1)
(53/176) Installing gcc (14.3.0-r0)
(54/176) Installing libstdc++-dev (14.3.0-r0)
(55/176) Installing musl-dev (1.2.5-r10)
(56/176) Installing g++ (14.3.0-r0)
(57/176) Installing make (4.4.1-r3)
(58/176) Installing fortify-headers (1.1-r5)
(59/176) Installing build-base (0.5-r3)
(60/176) Installing cairo-tools (1.18.2-r1)
(61/176) Installing libexpat (2.7.1-r0)
(62/176) Installing brotli-libs (1.1.0-r2)
(63/176) Installing libbz2 (1.0.8-r6)
(64/176) Installing libpng (1.6.47-r0)
(65/176) Installing freetype (2.13.3-r0)
(66/176) Installing fontconfig (2.15.0-r3)
(67/176) Installing expat (2.7.1-r0)
(68/176) Installing expat-dev (2.7.1-r0)
(69/176) Installing bzip2-dev (1.0.8-r6)
(70/176) Installing brotli (1.1.0-r2)
(71/176) Installing brotli-dev (1.1.0-r2)
(72/176) Installing zlib-dev (1.3.1-r2)
(73/176) Installing libpng-dev (1.6.47-r0)
(74/176) Installing freetype-dev (2.13.3-r0)
(75/176) Installing fontconfig-dev (2.15.0-r3)
(76/176) Installing libxau (1.0.12-r0)
(77/176) Installing xorgproto (2024.1-r0)
(78/176) Installing libxau-dev (1.0.12-r0)
(79/176) Installing libmd (1.1.0-r0)
(80/176) Installing libbsd (0.12.2-r0)
(81/176) Installing libxdmcp (1.1.5-r1)
(82/176) Installing libxcb (1.17.0-r0)
(83/176) Installing libx11 (1.8.11-r0)
(84/176) Installing libxext (1.3.6-r2)
(85/176) Installing libffi (3.4.8-r0)
(86/176) Installing gdbm (1.24-r0)
(87/176) Installing xz-libs (5.8.1-r0)
(88/176) Installing mpdecimal (4.0.1-r0)
(89/176) Installing ncurses-terminfo-base (6.5_p20250503-r0)
(90/176) Installing libncursesw (6.5_p20250503-r0)
(91/176) Installing libpanelw (6.5_p20250503-r0)
(92/176) Installing readline (8.2.13-r1)
(93/176) Installing sqlite-libs (3.50.0-r0)
(94/176) Installing python3 (3.12.10-r1)
(95/176) Installing python3-pycache-pyc0 (3.12.10-r1)
(96/176) Installing pyc (3.12.10-r1)
(97/176) Installing xcb-proto-pyc (1.17.0-r0)
(98/176) Installing python3-pyc (3.12.10-r1)
(99/176) Installing xcb-proto (1.17.0-r0)
(100/176) Installing libxdmcp-dev (1.1.5-r1)
(101/176) Installing libxcb-dev (1.17.0-r0)
(102/176) Installing xtrans (1.5.2-r0)
(103/176) Installing libx11-dev (1.8.11-r0)
(104/176) Installing libxext-dev (1.3.6-r2)
(105/176) Installing libxrender (0.9.12-r0)
(106/176) Installing libxrender-dev (0.9.12-r0)
(107/176) Installing pixman (0.46.0-r0)
(108/176) Installing pixman-dev (0.46.0-r0)
(109/176) Installing util-macros (1.20.1-r0)
(110/176) Installing xcb-util (0.4.1-r3)
(111/176) Installing xcb-util-dev (0.4.1-r3)
(112/176) Installing cairo (1.18.2-r1)
(113/176) Installing libintl (0.24.1-r0)
(114/176) Installing libeconf (0.6.3-r0)
(115/176) Installing libblkid (2.41-r9)
(116/176) Installing libmount (2.41-r9)
(117/176) Installing pcre2 (10.43-r1)
(118/176) Installing glib (2.84.2-r0)
(119/176) Installing cairo-gobject (1.18.2-r1)
(120/176) Installing libxml2 (2.13.8-r0)
(121/176) Installing libxml2-utils (2.13.8-r0)
(122/176) Installing docbook-xml (4.5-r10)
Executing docbook-xml-4.5-r10.post-install
(123/176) Installing libxslt (1.1.43-r3)
(124/176) Installing docbook-xsl-ns (1.79.2-r11)
Executing docbook-xsl-ns-1.79.2-r11.post-install
(125/176) Installing docbook-xsl-nons (1.79.2-r11)
Executing docbook-xsl-nons-1.79.2-r11.post-install
(126/176) Installing docbook-xsl (1.79.2-r11)
(127/176) Installing xz (5.8.1-r0)
(128/176) Installing gettext-asprintf (0.24.1-r0)
(129/176) Installing libunistring (1.3-r0)
(130/176) Installing gettext-libs (0.24.1-r0)
(131/176) Installing gettext-envsubst (0.24.1-r0)
(132/176) Installing gettext (0.24.1-r0)
(133/176) Installing gettext-dev (0.24.1-r0)
(134/176) Installing py3-parsing (3.2.3-r0)
(135/176) Installing py3-parsing-pyc (3.2.3-r0)
(136/176) Installing py3-packaging (25.0-r0)
(137/176) Installing py3-packaging-pyc (25.0-r0)
(138/176) Installing linux-headers (6.14.2-r0)
(139/176) Installing libffi-dev (3.4.8-r0)
(140/176) Installing bsd-compat-headers (0.7.2-r6)
(141/176) Installing libformw (6.5_p20250503-r0)
(142/176) Installing libmenuw (6.5_p20250503-r0)
(143/176) Installing libncurses++ (6.5_p20250503-r0)
(144/176) Installing ncurses-dev (6.5_p20250503-r0)
(145/176) Installing libedit (20250104.3.1-r1)
(146/176) Installing libedit-dev (20250104.3.1-r1)
(147/176) Installing libpcre2-16 (10.43-r1)
(148/176) Installing libpcre2-32 (10.43-r1)
(149/176) Installing pcre2-dev (10.43-r1)
(150/176) Installing libuuid (2.41-r9)
(151/176) Installing libfdisk (2.41-r9)
(152/176) Installing liblastlog2 (2.41-r9)
(153/176) Installing libsmartcols (2.41-r9)
(154/176) Installing sqlite (3.50.0-r0)
(155/176) Installing sqlite-dev (3.50.0-r0)
(156/176) Installing util-linux-dev (2.41-r9)
(157/176) Installing glib-dev (2.84.2-r0)
(158/176) Installing cairo-dev (1.18.2-r1)
(159/176) Installing flex (2.6.4-r7)
(160/176) Installing c-ares (1.34.5-r0)
(161/176) Installing libidn2 (2.3.7-r0)
(162/176) Installing nghttp2-libs (1.65.0-r0)
(163/176) Installing libpsl (0.21.5-r3)
(164/176) Installing libcurl (8.14.0-r2)
(165/176) Installing git (2.49.0-r0)
(166/176) Installing git-init-template (2.49.0-r0)
(167/176) Installing libltdl (2.5.4-r1)
(168/176) Installing libtool (2.5.4-r1)
(169/176) Installing samurai (1.2-r7)
(170/176) Installing meson (1.8.1-r0)
(171/176) Installing meson-pyc (1.8.1-r0)
(172/176) Installing abuild-meson (1.8.1-r0)
(173/176) Installing py3-setuptools (80.9.0-r0)
(174/176) Installing py3-setuptools-pyc (80.9.0-r0)
(175/176) Installing python3-dev (3.12.10-r1)
(176/176) Installing sed (4.9-r2)
Executing busybox-1.37.0-r18.trigger
Executing glib-2.84.2-r0.trigger
No schema files found: doing nothing.
OK: 441 MiB in 176 packages
>>> gobject-introspection: Fetching https://download.gnome.org/sources/gobject-introspection/1.84/gobject-introspection-1.84.0.tar.xz
>>> gobject-introspection: Checking sha512sums...
gobject-introspection-1.84.0.tar.xz: OK
>>> gobject-introspection: Unpacking /var/cache/distfiles/gobject-introspection-1.84.0.tar.xz...
The Meson build system
Version: 1.8.1
Source dir: /tmp/src/gobject-introspection-1.84.0
Build dir: /tmp/src/gobject-introspection-1.84.0/output
Build type: native build
Project name: gobject-introspection
Project version: 1.84.0
C compiler for the host machine: cc (gcc 14.3.0 "cc (Alpine 14.3.0) 14.3.0")
C linker for the host machine: cc ld.bfd 2.44
Host machine cpu family: x86_64
Host machine cpu: x86_64
Program python3 found: YES (/usr/bin/python3)
Program python3 (setuptools) found: YES (/usr/bin/python3) modules: setuptools
Compiler for C supports arguments -Warray-bounds: YES 
Compiler for C supports arguments -Wcast-align: YES 
Compiler for C supports arguments -Wduplicated-branches: YES 
Compiler for C supports arguments -Wformat=2: YES 
Compiler for C supports arguments -Wformat-nonliteral: YES 
Compiler for C supports arguments -Wformat-security: YES 
Compiler for C supports arguments -Wimplicit-function-declaration: YES 
Compiler for C supports arguments -Winit-self: YES 
Compiler for C supports arguments -Wjump-misses-init: YES 
Compiler for C supports arguments -Wlogical-op: YES 
Compiler for C supports arguments -Wmissing-declarations: YES 
Compiler for C supports arguments -Wmissing-format-attribute: YES 
Compiler for C supports arguments -Wmissing-include-dirs: YES 
Compiler for C supports arguments -Wmissing-noreturn: YES 
Compiler for C supports arguments -Wmissing-prototypes: YES 
Compiler for C supports arguments -Wnested-externs: YES 
Compiler for C supports arguments -Wnull-dereference: YES 
Compiler for C supports arguments -Wold-style-definition: YES 
Compiler for C supports arguments -Wpacked: YES 
Compiler for C supports arguments -Wpointer-arith: YES 
Compiler for C supports arguments -Wrestrict: YES 
Compiler for C supports arguments -Wreturn-type: YES 
Compiler for C supports arguments -Wshadow: YES 
Compiler for C supports arguments -Wsign-compare: YES 
Compiler for C supports arguments -Wstrict-aliasing: YES 
Compiler for C supports arguments -Wstrict-prototypes: YES 
Compiler for C supports arguments -Wundef: YES 
Compiler for C supports arguments -Wunused-but-set-variable: YES 
Compiler for C supports arguments -Wwrite-strings: YES 
Compiler for C supports arguments -fno-strict-aliasing: YES 
Checking for size of "char" : 1 
Checking for size of "short" : 2 
Checking for size of "int" : 4 
Checking for size of "long" : 8 
Found pkg-config: YES (/usr/bin/pkg-config) 2.4.3
Run-time dependency glib-2.0 found: YES 2.84.2
Run-time dependency gobject-2.0 found: YES 2.84.2
Run-time dependency gio-2.0 found: YES 2.84.2
Run-time dependency gmodule-2.0 found: YES 2.84.2
Run-time dependency gio-unix-2.0 found: YES 2.84.2
Run-time dependency libffi found: YES 3.4.8
Program pkg-config found: YES (/usr/bin/pkg-config)
Configuring config.h using configuration
Run-time dependency python found: YES 3.12
Check usable header "Python.h" with dependency python-3.12: YES 
Run-time dependency cairo found: YES 1.18.2
Run-time dependency cairo-gobject found: YES 1.18.2
meson.build:280: WARNING: Not building with doctool support, not all tests will be run
Library m found: YES
Compiler for C supports arguments -Wno-implicit-fallthrough: YES 
Compiler for C supports arguments -Wno-old-style-definition: YES 
Compiler for C supports arguments -Wno-suggest-attribute=noreturn: YES 
Compiler for C supports arguments -Wno-type-limits: YES 
Compiler for C supports arguments -Wno-undef: YES 
Compiler for C supports arguments -Wno-unused-parameter: YES 
Compiler for C supports arguments -Wno-cast-align: YES 
Compiler for C supports arguments -Wno-unused-function: YES 
Compiler for C supports arguments -Wno-return-type: YES 
Compiler for C supports arguments -Wno-sometimes-uninitialized: NO 
Compiler for C supports arguments -Wno-old-style-definition: YES (cached)
Compiler for C supports arguments -Wno-type-limits: YES (cached)
Compiler for C supports arguments -Wno-old-style-definition: YES (cached)
Compiler for C supports arguments -Wno-cast-align: YES (cached)
Compiler for C supports arguments -Wno-unused-parameter: YES (cached)
Compiler for C supports arguments -Wno-duplicated-branches: YES 
Compiler for C supports arguments -Wno-cast-align: YES (cached)
Configuring giversion.h using configuration
Compiler for C supports arguments -Wno-unused-parameter: YES (cached)
Compiler for C supports arguments -Wno-duplicated-branches: YES (cached)
Compiler for C supports arguments -Wno-type-limits: YES (cached)
Compiler for C supports arguments -Wno-cast-align: YES (cached)
Compiler for C supports arguments -Wno-missing-field-initializers: YES 
Configuring g-ir-scanner using configuration
Program g-ir-scanner found: YES (/tmp/src/gobject-introspection-1.84.0/output/tools/g-ir-scanner)
Configuring g-ir-annotation-tool using configuration
Program g-ir-annotation-tool found: YES (/tmp/src/gobject-introspection-1.84.0/output/tools/g-ir-annotation-tool)
Compiler for C supports arguments -Wno-missing-field-initializers: YES (cached)
Configuring _version.py using configuration
Configuring __init__.py using configuration
Configuring annotationmain.py using configuration
Configuring annotationparser.py using configuration
Configuring ast.py using configuration
Configuring cachestore.py using configuration
Configuring ccompiler.py using configuration
Configuring codegen.py using configuration
Configuring docmain.py using configuration
Configuring docwriter.py using configuration
Configuring dumper.py using configuration
Configuring introspectablepass.py using configuration
Configuring girparser.py using configuration
Configuring girwriter.py using configuration
Configuring gdumpparser.py using configuration
Configuring maintransformer.py using configuration
Configuring mdextensions.py using configuration
Configuring message.py using configuration
Configuring msvccompiler.py using configuration
Configuring pkgconfig.py using configuration
Configuring shlibs.py using configuration
Configuring scannermain.py using configuration
Configuring sectionparser.py using configuration
Configuring sourcescanner.py using configuration
Configuring testcodegen.py using configuration
Configuring transformer.py using configuration
Configuring utils.py using configuration
Configuring xmlwriter.py using configuration
Program flex found: YES (/usr/bin/flex)
Program bison found: YES (/usr/bin/bison)
Has header "unistd.h" : YES 
Compiler for C supports arguments -Wno-missing-field-initializers: YES (cached)
Compiler for C supports arguments -Wno-unused-parameter: YES (cached)
Compiler for C supports arguments -Wno-misleading-indentation: YES 
Configuring cairo-1.0.gir using configuration
Program g-ir-scanner found: YES (overridden)
Program rnc2rng found: NO
Program g-ir-scanner found: YES (overridden)
Program g-ir-compiler found: YES (overridden)
Compiler for C supports arguments -Wno-unused-parameter: YES (cached)
Compiler for C supports arguments -Wno-unused-parameter: YES (cached)
Compiler for C supports arguments -Wno-unused-parameter: YES (cached)
Compiler for C supports arguments -Wno-unused-parameter: YES (cached)
Compiler for C supports arguments -Wno-old-style-definition: YES (cached)
Compiler for C supports arguments -Wno-missing-field-initializers: YES (cached)
Compiler for C supports arguments -Wno-unused-parameter: YES (cached)
Build targets in project: 96

gobject-introspection 1.84.0

  User defined options
    auto_features     : auto
    b_lto             : true
    b_pie             : true
    b_staticpic       : true
    bindir            : /usr/bin
    buildtype         : plain
    cairo             : enabled
    datadir           : /usr/share
    includedir        : /usr/include
    infodir           : /usr/share/info
    libdir            : /usr/lib
    libexecdir        : /usr/libexec
    localedir         : /usr/share/locale
    localstatedir     : /var
    mandir            : /usr/share/man
    prefix            : /usr
    python.bytecompile: 0
    sbindir           : /usr/sbin
    sharedstatedir    : /var/lib
    sysconfdir        : /etc
    werror            : false
    wrap_mode         : nodownload

Found ninja-1.9 at /usr/bin/ninja
ninja: entering directory '/tmp/src/gobject-introspection-1.84.0/output'
[1/149] Compiling C object tests/repository/gitypelibtest.p/gitypelibtest.c.o
[2/149] Compiling C object tests/repository/gitestthrows.p/gitestthrows.c.o
[3/149] Compiling C object tests/repository/giteststructinfo.p/giteststructinfo.c.o
[4/149] Compiling C object tests/repository/gitestrepo.p/gitestrepo.c.o
[5/149] Compiling C object tests/scanner/libregress-1.0.so.p/.._.._gobject-introspection-tests_regressextra.c.o
[6/149] Compiling C object tests/scanner/libregress-1.0.so.p/.._.._gobject-introspection-tests_regress.c.o
[7/149] Compiling C object tests/scanner/libregress-1.0.so.p/.._.._gobject-introspection-tests_regress-unix.c.o
[8/149] Compiling C object tests/scanner/libregress-1.0.so.p/.._.._gobject-introspection-tests_foo.c.o
[9/149] Compiling C object tests/scanner/libregress-1.0.so.p/.._.._gobject-introspection-tests_drawable.c.o
[10/149] Compiling C object tests/scanner/libregress-1.0.so.p/.._.._gobject-introspection-tests_annotation.c.o
[11/149] Compiling C object tests/scanner/libbarapp-1.0.so.p/barapp.c.o
[12/149] Compiling C object tests/scanner/libgettype-1.0.so.p/gettype.c.o
[13/149] Compiling C object tests/scanner/libgtkfrob-1.0.so.p/gtkfrob.c.o
[14/149] Compiling C object tests/scanner/libutility-1.0.so.p/.._.._gobject-introspection-tests_utility.c.o
[15/149] Compiling C object tests/scanner/libwarnlib-1.0.so.p/.._.._gobject-introspection-tests_warnlib.c.o
[16/149] Compiling C object tests/scanner/libsletter-1.0.so.p/sletter.c.o
[17/149] Compiling C object tests/scanner/libtypedef-1.0.so.p/typedefs.c.o
[18/149] Compiling C object tests/offsets/gitestoffsets.p/gitestoffsets.c.o
[19/149] Linking target tests/scanner/libutility-1.0.so
[20/149] Compiling C object tests/offsets/liboffsets-1.0.so.1.0.0.p/offsets.c.o
[21/149] Linking target tests/scanner/libgettype-1.0.so
[22/149] Linking target tests/scanner/libwarnlib-1.0.so
[23/149] Compiling C object tests/libgimarshallingtests-1.0.so.1.0.0.p/.._gobject-introspection-tests_gimarshallingtestsextra.c.o
[24/149] Linking target tests/scanner/libgtkfrob-1.0.so
[25/149] Compiling C object tests/libgimarshallingtests-1.0.so.1.0.0.p/.._gobject-introspection-tests_gimarshallingtests.c.o
[26/149] Linking target tests/scanner/libtypedef-1.0.so
[27/149] Copying file gir/win32-1.0.gir
[28/149] Linking target tests/offsets/liboffsets-1.0.so.1.0.0
[29/149] Linking target tests/scanner/libsletter-1.0.so
[30/149] Copying file gir/xrandr-1.3.gir
[31/149] Copying file gir/xfixes-4.0.gir
[32/149] Copying file gir/xlib-2.0.gir
[33/149] Copying file gir/xft-2.0.gir
[34/149] Copying file gir/Vulkan-1.0.gir
[35/149] Copying file gir/libxml2-2.0.gir
[36/149] Copying file gir/GL-1.0.gir
[37/149] Copying file gir/freetype2-2.0.gir
[38/149] Copying file gir/fontconfig-2.0.gir
[39/149] Copying file gir/DBusGLib-1.0.gir
[40/149] Copying file gir/DBus-1.0.gir
[41/149] Compiling C object giscanner/_giscanner.cpython-312-x86_64-linux-musl.so.p/giscannermodule.c.o
[42/149] Generating giscanner/scannerlexer with a custom command
[43/149] Generating giscanner/scannerparser with a custom command
[44/149] Copying file giscanner/gdump.c
[45/149] Compiling C object tools/g-ir-inspect.p/g-ir-inspect.c.o
[46/149] Compiling C object tools/g-ir-generate.p/generate.c.o
[47/149] Compiling C object tools/g-ir-compiler.p/compiler.c.o
[48/149] Compiling C object girepository/gthash-test.p/gthash-test.c.o
[49/149] Compiling C object girepository/libgirepository-1.0.so.1.0.0.p/givfuncinfo.c.o
[50/149] Compiling C object girepository/libgirepository-1.0.so.1.0.0.p/giversion.c.o
[51/149] Compiling C object girepository/libgirepository-1.0.so.1.0.0.p/giunioninfo.c.o
[52/149] Compiling C object girepository/libgirepository-1.0.so.1.0.0.p/gitypelib.c.o
[53/149] Compiling C object girepository/libgirepository-1.0.so.1.0.0.p/gitypeinfo.c.o
[54/149] Compiling C object girepository/libgirepository-1.0.so.1.0.0.p/gistructinfo.c.o
[55/149] Compiling C object girepository/libgirepository-1.0.so.1.0.0.p/gisignalinfo.c.o
[56/149] Compiling C object girepository/libgirepository-1.0.so.1.0.0.p/girffi.c.o
[57/149] Compiling C object girepository/libgirepository-1.0.so.1.0.0.p/girepository.c.o
[58/149] Compiling C object girepository/libgirepository-1.0.so.1.0.0.p/giregisteredtypeinfo.c.o
[59/149] Compiling C object girepository/libgirepository-1.0.so.1.0.0.p/gipropertyinfo.c.o
[60/149] Compiling C object girepository/libgirepository-1.0.so.1.0.0.p/giobjectinfo.c.o
[61/149] Compiling C object girepository/libgirepository-1.0.so.1.0.0.p/giinterfaceinfo.c.o
[62/149] Compiling C object girepository/libgirepository-1.0.so.1.0.0.p/ginvoke.c.o
[63/149] Compiling C object girepository/libgirepository-1.0.so.1.0.0.p/gifunctioninfo.c.o
[64/149] Compiling C object girepository/libgirepository-1.0.so.1.0.0.p/gifieldinfo.c.o
[65/149] Compiling C object girepository/libgirepository-1.0.so.1.0.0.p/gienuminfo.c.o
[66/149] Compiling C object girepository/libgirepository-1.0.so.1.0.0.p/giconstantinfo.c.o
[67/149] Compiling C object girepository/libgirepository-1.0.so.1.0.0.p/gicallableinfo.c.o
[68/149] Compiling C object girepository/libgirepository-1.0.so.1.0.0.p/gibaseinfo.c.o
[69/149] Compiling C object girepository/libgirepository-1.0.so.1.0.0.p/giarginfo.c.o
[70/149] Linking target tests/scanner/libregress-1.0.so
[71/149] Compiling C object girepository/libgirepository-1.0.so.1.0.0.p/gdump.c.o
[72/149] Compiling C object girepository/libgirepository-internals.a.p/girwriter.c.o
../giscanner/scannerparser.y: warning: 7 shift/reduce conflicts [-Wconflicts-sr]
../giscanner/scannerparser.y: note: rerun with option '-Wcounterexamples' to generate conflict counterexamples
[73/149] Compiling C object giscanner/libgiscanner.a.p/sourcescanner.c.o
[74/149] Compiling C object giscanner/libgiscanner.a.p/meson-generated_.._scannerlexer.c.o
[75/149] Compiling C object giscanner/libgiscanner.a.p/meson-generated_.._scannerparser.c.o
[76/149] Compiling C object girepository/libgirepository-internals.a.p/girparser.c.o
[77/149] Compiling C object girepository/libgirepository-internals.a.p/giroffsets.c.o
[78/149] Compiling C object girepository/libgirepository-internals.a.p/girnode.c.o
[79/149] Compiling C object girepository/libgirepository-internals.a.p/girmodule.c.o
[80/149] Compiling C object girepository/libgirepository-gthash.a.p/gthash.c.o
[81/149] Compiling C object girepository/cmph/cmph-bdz-test.p/.._cmph-bdz-test.c.o
[82/149] Compiling C object girepository/cmph/libcmph.a.p/vstack.c.o
[83/149] Compiling C object girepository/cmph/libcmph.a.p/vqueue.c.o
[84/149] Compiling C object girepository/cmph/libcmph.a.p/select.c.o
[85/149] Compiling C object girepository/cmph/libcmph.a.p/miller_rabin.c.o
[86/149] Compiling C object girepository/cmph/libcmph.a.p/jenkins_hash.c.o
[87/149] Compiling C object girepository/cmph/libcmph.a.p/hash.c.o
[88/149] Compiling C object girepository/cmph/libcmph.a.p/graph.c.o
[89/149] Compiling C object girepository/cmph/libcmph.a.p/fch.c.o
[90/149] Compiling C object girepository/cmph/libcmph.a.p/fch_buckets.c.o
[91/149] Compiling C object girepository/cmph/libcmph.a.p/compressed_seq.c.o
[92/149] Compiling C object girepository/cmph/libcmph.a.p/compressed_rank.c.o
[93/149] Compiling C object girepository/cmph/libcmph.a.p/cmph_structs.c.o
[94/149] Compiling C object girepository/cmph/libcmph.a.p/cmph.c.o
[95/149] Compiling C object girepository/cmph/libcmph.a.p/chm.c.o
[96/149] Compiling C object girepository/cmph/libcmph.a.p/chd_ph.c.o
[97/149] Linking static target girepository/libgirepository-gthash.a
[98/149] Compiling C object girepository/cmph/libcmph.a.p/chd.c.o
[99/149] Compiling C object girepository/cmph/libcmph.a.p/buffer_manager.c.o
[100/149] Compiling C object girepository/cmph/libcmph.a.p/buffer_entry.c.o
[101/149] Compiling C object girepository/cmph/libcmph.a.p/brz.c.o
[102/149] Compiling C object girepository/cmph/libcmph.a.p/bmz.c.o
[103/149] Compiling C object girepository/cmph/libcmph.a.p/bmz8.c.o
[104/149] Compiling C object girepository/cmph/libcmph.a.p/bdz_ph.c.o
[105/149] Compiling C object girepository/cmph/libcmph.a.p/bdz.c.o
[106/149] Linking target tests/libgimarshallingtests-1.0.so.1.0.0
[107/149] Linking static target girepository/libgirepository-internals.a
[108/149] Linking static target giscanner/libgiscanner.a
[109/149] Linking target giscanner/_giscanner.cpython-312-x86_64-linux-musl.so
[110/149] Linking static target girepository/cmph/libcmph.a
[111/149] Linking target girepository/gthash-test
[112/149] Linking target girepository/libgirepository-1.0.so.1.0.0
[113/149] Linking target girepository/cmph/cmph-bdz-test
[114/149] Generating gir/gir-glib with a custom command (wrapped by meson to set env)
[115/149] Generating symbol file girepository/libgirepository-1.0.so.1.0.0.p/libgirepository-1.0.so.1.0.0.symbols
[116/149] Linking target tests/repository/gitypelibtest
[117/149] Linking target tests/repository/gitestthrows
[118/149] Linking target tests/repository/giteststructinfo
[119/149] Linking target tests/repository/gitestrepo
[120/149] Linking target tests/scanner/libbarapp-1.0.so
[121/149] Linking target tests/offsets/gitestoffsets
[122/149] Linking target tools/g-ir-inspect
[123/149] Linking target tools/g-ir-generate
[124/149] Linking target tools/g-ir-compiler
/usr/include/glib-2.0/glib/gstdio.h:61: the __GI_SCANNER__ constant should only be used with simple #ifdef or #endif: #if  defined(G_OS_UNIX) && !defined(G_STDIO_WRAP_ON_UNIX) && !defined(__GI_SCANNER__)

[125/149] Generating gir/gir-gmodule with a custom command (wrapped by meson to set env)
[126/149] Generating gir/gir-gobject with a custom command (wrapped by meson to set env)
[127/149] Generating gir/GModule-2.0.typelib with a custom command
[128/149] Generating gir/GObject-2.0.typelib with a custom command
[129/149] Generating gir/GLib-2.0.typelib with a custom command
[130/149] Generating gir/cairo-1.0.typelib with a custom command
[131/149] Generating gir/win32-1.0.typelib with a custom command
[132/149] Generating gir/xrandr-1.3.typelib with a custom command
[133/149] Generating gir/xfixes-4.0.typelib with a custom command
[134/149] Generating gir/xlib-2.0.typelib with a custom command
[135/149] Generating gir/xft-2.0.typelib with a custom command
[136/149] Generating gir/Vulkan-1.0.typelib with a custom command
[137/149] Generating gir/libxml2-2.0.typelib with a custom command
[138/149] Generating gir/GL-1.0.typelib with a custom command
[139/149] Generating gir/freetype2-2.0.typelib with a custom command
[140/149] Generating gir/fontconfig-2.0.typelib with a custom command
[141/149] Generating gir/DBusGLib-1.0.typelib with a custom command
[142/149] Generating gir/DBus-1.0.typelib with a custom command
[143/149] Generating gir/gir-girepository with a custom command (wrapped by meson to set env)
[144/149] Generating gir/gir-gio with a custom command (wrapped by meson to set env)
[145/149] Generating gir/GIRepository-2.0.typelib with a custom command
[146/149] Generating gir/Gio-2.0.typelib with a custom command
[147/149] Generating tests/everything with a custom command (wrapped by meson to set env)
[148/149] Compiling C object tests/libeverything-1.0.so.1.0.0.p/meson-generated_.._everything.c.o
[149/149] Linking target tests/libeverything-1.0.so.1.0.0
INFO: autodetecting backend as ninja
INFO: calculating backend command to run: /usr/bin/ninja -C /tmp/src/gobject-introspection-1.84.0/output
 1/65 cmph-bdz-test                           OK              0.03s
 2/65 gthash-test                             OK              0.03s
 3/65 gi-testerGIMarshallingTests-1.0.typelib FAIL            0.04s   exit status 1
>>> MESON_TEST_ITERATION=1 UBSAN_OPTIONS=halt_on_error=1:abort_on_error=1:print_summary=1:print_stacktrace=1 MSAN_OPTIONS=halt_on_error=1:abort_on_error=1:print_summary=1:print_stacktrace=1 ASAN_OPTIONS=halt_on_error=1:abort_on_error=1:print_summary=1 MALLOC_PERTURB_=220 /usr/bin/python3 /tmp/src/gobject-introspection-1.84.0/output/../tests/gi-tester tests/GIMarshallingTests-1.0.typelib
――――――――――――――――――――――――――――――――――――― ✀  ―――――――――――――――――――――――――――――――――――――
stderr:
Traceback (most recent call last):
  File "/tmp/src/gobject-introspection-1.84.0/output/../tests/gi-tester", line 122, in <module>
    sys.exit(main(sys.argv))
             ^^^^^^^^^^^^^^
  File "/tmp/src/gobject-introspection-1.84.0/output/../tests/gi-tester", line 89, in main
    raise SystemError("%s does not exist" % targetname)
SystemError: tests/GIMarshallingTests-1.0.typelib does not exist
――――――――――――――――――――――――――――――――――――――――――――――――――――――――――――――――――――――――――――――

 4/65 gi-testerEverything-1.0.typelib         FAIL            0.04s   exit status 1
>>> MESON_TEST_ITERATION=1 UBSAN_OPTIONS=halt_on_error=1:abort_on_error=1:print_summary=1:print_stacktrace=1 MALLOC_PERTURB_=41 MSAN_OPTIONS=halt_on_error=1:abort_on_error=1:print_summary=1:print_stacktrace=1 ASAN_OPTIONS=halt_on_error=1:abort_on_error=1:print_summary=1 /usr/bin/python3 /tmp/src/gobject-introspection-1.84.0/output/../tests/gi-tester tests/Everything-1.0.typelib
――――――――――――――――――――――――――――――――――――― ✀  ―――――――――――――――――――――――――――――――――――――
stderr:
Traceback (most recent call last):
  File "/tmp/src/gobject-introspection-1.84.0/output/../tests/gi-tester", line 122, in <module>
    sys.exit(main(sys.argv))
             ^^^^^^^^^^^^^^
  File "/tmp/src/gobject-introspection-1.84.0/output/../tests/gi-tester", line 89, in main
    raise SystemError("%s does not exist" % targetname)
SystemError: tests/Everything-1.0.typelib does not exist
――――――――――――――――――――――――――――――――――――――――――――――――――――――――――――――――――――――――――――――

 5/65 test_offsets.py                         FAIL            0.06s   exit status 1
>>> builddir=/tmp/src/gobject-introspection-1.84.0/output/tests/offsets top_builddir=/tmp/src/gobject-introspection-1.84.0/output/gir MESON_TEST_ITERATION=1 MALLOC_PERTURB_=173 UBSAN_OPTIONS=halt_on_error=1:abort_on_error=1:print_summary=1:print_stacktrace=1 LD_LIBRARY_PATH=/tmp/src/gobject-introspection-1.84.0/output/girepository MSAN_OPTIONS=halt_on_error=1:abort_on_error=1:print_summary=1:print_stacktrace=1 ASAN_OPTIONS=halt_on_error=1:abort_on_error=1:print_summary=1 /usr/bin/python3 /tmp/src/gobject-introspection-1.84.0/output/../tests/offsets/test_offsets.py
――――――――――――――――――――――――――――――――――――― ✀  ―――――――――――――――――――――――――――――――――――――
stderr:

** (process:1037): ERROR **: 14:41:39.456: Failed to load Offsets-1.0.typelib: Typelib file for namespace 'Offsets', version '1.0' not found
E
======================================================================
ERROR: test_main (__main__.TestOffsets.test_main)
----------------------------------------------------------------------
Traceback (most recent call last):
  File "/tmp/src/gobject-introspection-1.84.0/output/../tests/offsets/test_offsets.py", line 33, in test_main
    subprocess.check_call(
  File "/usr/lib/python3.12/subprocess.py", line 413, in check_call
    raise CalledProcessError(retcode, cmd)
subprocess.CalledProcessError: Command '['/tmp/src/gobject-introspection-1.84.0/output/tests/offsets/gitestoffsets', '/tmp/tmptc56qbys.compiled', '/tmp/tmpj861xcrl.introspected']' died with <Signals.SIGTRAP: 5>.

----------------------------------------------------------------------
Ran 1 test in 0.002s

FAILED (errors=1)
――――――――――――――――――――――――――――――――――――――――――――――――――――――――――――――――――――――――――――――

 6/65 warn-invalid-out                        OK              0.27s
 7/65 warn-callback-invalid-destroy           OK              0.38s
 8/65 warn-enum-leading-number                OK              0.38s
 9/65 warn-invalid-return                     OK              0.34s
10/65 warn-invalid-closure                    OK              0.40s
11/65 warn-invalid-option                     OK              0.39s
12/65 warn-callback-missing-scope             OK              0.43s
13/65 warn-callback-invalid-scope             OK              0.47s
14/65 warn-invalid-method                     OK              0.46s
15/65 warn-invalid-nullable                   OK              0.47s
16/65 warn-annotationparser                   OK              0.50s
17/65 warn-invalid-array                      OK              0.50s
18/65 warn-invalid-allow-none                 OK              0.51s
19/65 warn-invalid-constructor                OK              0.51s
20/65 warn-invalid-element-type               OK              0.53s
21/65 warn-invalid-optional                   OK              0.52s
22/65 gi-tester-Typedefs-1.0.gir              FAIL            0.05s   exit status 1
>>> MESON_TEST_ITERATION=1 UBSAN_OPTIONS=halt_on_error=1:abort_on_error=1:print_summary=1:print_stacktrace=1 srcdir=/tmp/src/gobject-introspection-1.84.0/tests/scanner MALLOC_PERTURB_=206 MSAN_OPTIONS=halt_on_error=1:abort_on_error=1:print_summary=1:print_stacktrace=1 builddir=/tmp/src/gobject-introspection-1.84.0/output/tests/scanner ASAN_OPTIONS=halt_on_error=1:abort_on_error=1:print_summary=1 /usr/bin/python3 /tmp/src/gobject-introspection-1.84.0/output/../tests/scanner/../gi-tester Typedefs-1.0.gir
――――――――――――――――――――――――――――――――――――― ✀  ―――――――――――――――――――――――――――――――――――――
stderr:
Traceback (most recent call last):
  File "/tmp/src/gobject-introspection-1.84.0/output/../tests/scanner/../gi-tester", line 122, in <module>
    sys.exit(main(sys.argv))
             ^^^^^^^^^^^^^^
  File "/tmp/src/gobject-introspection-1.84.0/output/../tests/scanner/../gi-tester", line 98, in main
    assert_no_diff(expected, actual, ignore=ignore)
  File "/tmp/src/gobject-introspection-1.84.0/output/../tests/scanner/../gi-tester", line 73, in assert_no_diff
    assert_files_no_diff(a, b, ignore=ignore)
  File "/tmp/src/gobject-introspection-1.84.0/output/../tests/scanner/../gi-tester", line 28, in assert_files_no_diff
    io.open(b, encoding="utf-8") as bh:
    ^^^^^^^^^^^^^^^^^^^^^^^^^^^^
FileNotFoundError: [Errno 2] No such file or directory: '/tmp/src/gobject-introspection-1.84.0/output/tests/scanner/Typedefs-1.0.gir'
――――――――――――――――――――――――――――――――――――――――――――――――――――――――――――――――――――――――――――――

23/65 test_docwriter.py                       OK              0.10s
24/65 test_shlibs.py                          OK              0.18s
25/65 gi-tester-Bar-1.0.gir                   FAIL            0.07s   exit status 1
>>> MESON_TEST_ITERATION=1 UBSAN_OPTIONS=halt_on_error=1:abort_on_error=1:print_summary=1:print_stacktrace=1 srcdir=/tmp/src/gobject-introspection-1.84.0/tests/scanner MALLOC_PERTURB_=193 MSAN_OPTIONS=halt_on_error=1:abort_on_error=1:print_summary=1:print_stacktrace=1 builddir=/tmp/src/gobject-introspection-1.84.0/output/tests/scanner ASAN_OPTIONS=halt_on_error=1:abort_on_error=1:print_summary=1 /usr/bin/python3 /tmp/src/gobject-introspection-1.84.0/output/../tests/scanner/../gi-tester Bar-1.0.gir
――――――――――――――――――――――――――――――――――――― ✀  ―――――――――――――――――――――――――――――――――――――
stderr:
Traceback (most recent call last):
  File "/tmp/src/gobject-introspection-1.84.0/output/../tests/scanner/../gi-tester", line 122, in <module>
    sys.exit(main(sys.argv))
             ^^^^^^^^^^^^^^
  File "/tmp/src/gobject-introspection-1.84.0/output/../tests/scanner/../gi-tester", line 98, in main
    assert_no_diff(expected, actual, ignore=ignore)
  File "/tmp/src/gobject-introspection-1.84.0/output/../tests/scanner/../gi-tester", line 73, in assert_no_diff
    assert_files_no_diff(a, b, ignore=ignore)
  File "/tmp/src/gobject-introspection-1.84.0/output/../tests/scanner/../gi-tester", line 28, in assert_files_no_diff
    io.open(b, encoding="utf-8") as bh:
    ^^^^^^^^^^^^^^^^^^^^^^^^^^^^
FileNotFoundError: [Errno 2] No such file or directory: '/tmp/src/gobject-introspection-1.84.0/output/tests/scanner/Bar-1.0.gir'
――――――――――――――――――――――――――――――――――――――――――――――――――――――――――――――――――――――――――――――

26/65 test_ccompiler.py                       OK              0.20s
27/65 gi-tester-SLetter-1.0.gir               FAIL            0.05s   exit status 1
>>> MESON_TEST_ITERATION=1 MALLOC_PERTURB_=215 UBSAN_OPTIONS=halt_on_error=1:abort_on_error=1:print_summary=1:print_stacktrace=1 srcdir=/tmp/src/gobject-introspection-1.84.0/tests/scanner MSAN_OPTIONS=halt_on_error=1:abort_on_error=1:print_summary=1:print_stacktrace=1 builddir=/tmp/src/gobject-introspection-1.84.0/output/tests/scanner ASAN_OPTIONS=halt_on_error=1:abort_on_error=1:print_summary=1 /usr/bin/python3 /tmp/src/gobject-introspection-1.84.0/output/../tests/scanner/../gi-tester SLetter-1.0.gir
――――――――――――――――――――――――――――――――――――― ✀  ―――――――――――――――――――――――――――――――――――――
stderr:
Traceback (most recent call last):
  File "/tmp/src/gobject-introspection-1.84.0/output/../tests/scanner/../gi-tester", line 122, in <module>
    sys.exit(main(sys.argv))
             ^^^^^^^^^^^^^^
  File "/tmp/src/gobject-introspection-1.84.0/output/../tests/scanner/../gi-tester", line 98, in main
    assert_no_diff(expected, actual, ignore=ignore)
  File "/tmp/src/gobject-introspection-1.84.0/output/../tests/scanner/../gi-tester", line 73, in assert_no_diff
    assert_files_no_diff(a, b, ignore=ignore)
  File "/tmp/src/gobject-introspection-1.84.0/output/../tests/scanner/../gi-tester", line 28, in assert_files_no_diff
    io.open(b, encoding="utf-8") as bh:
    ^^^^^^^^^^^^^^^^^^^^^^^^^^^^
FileNotFoundError: [Errno 2] No such file or directory: '/tmp/src/gobject-introspection-1.84.0/output/tests/scanner/SLetter-1.0.gir'
――――――――――――――――――――――――――――――――――――――――――――――――――――――――――――――――――――――――――――――

28/65 test_xmlwriter.py                       OK              0.16s
29/65 gi-tester-Utility-1.0.gir               FAIL            0.04s   exit status 1
>>> MESON_TEST_ITERATION=1 UBSAN_OPTIONS=halt_on_error=1:abort_on_error=1:print_summary=1:print_stacktrace=1 srcdir=/tmp/src/gobject-introspection-1.84.0/tests/scanner MSAN_OPTIONS=halt_on_error=1:abort_on_error=1:print_summary=1:print_stacktrace=1 builddir=/tmp/src/gobject-introspection-1.84.0/output/tests/scanner ASAN_OPTIONS=halt_on_error=1:abort_on_error=1:print_summary=1 MALLOC_PERTURB_=33 /usr/bin/python3 /tmp/src/gobject-introspection-1.84.0/output/../tests/scanner/../gi-tester Utility-1.0.gir
――――――――――――――――――――――――――――――――――――― ✀  ―――――――――――――――――――――――――――――――――――――
stderr:
Traceback (most recent call last):
  File "/tmp/src/gobject-introspection-1.84.0/output/../tests/scanner/../gi-tester", line 122, in <module>
    sys.exit(main(sys.argv))
             ^^^^^^^^^^^^^^
  File "/tmp/src/gobject-introspection-1.84.0/output/../tests/scanner/../gi-tester", line 98, in main
    assert_no_diff(expected, actual, ignore=ignore)
  File "/tmp/src/gobject-introspection-1.84.0/output/../tests/scanner/../gi-tester", line 73, in assert_no_diff
    assert_files_no_diff(a, b, ignore=ignore)
  File "/tmp/src/gobject-introspection-1.84.0/output/../tests/scanner/../gi-tester", line 28, in assert_files_no_diff
    io.open(b, encoding="utf-8") as bh:
    ^^^^^^^^^^^^^^^^^^^^^^^^^^^^
FileNotFoundError: [Errno 2] No such file or directory: '/tmp/src/gobject-introspection-1.84.0/output/tests/scanner/Utility-1.0.gir'
――――――――――――――――――――――――――――――――――――――――――――――――――――――――――――――――――――――――――――――

30/65 gi-tester-GetType-1.0.gir               FAIL            0.03s   exit status 1
>>> MESON_TEST_ITERATION=1 UBSAN_OPTIONS=halt_on_error=1:abort_on_error=1:print_summary=1:print_stacktrace=1 srcdir=/tmp/src/gobject-introspection-1.84.0/tests/scanner MSAN_OPTIONS=halt_on_error=1:abort_on_error=1:print_summary=1:print_stacktrace=1 builddir=/tmp/src/gobject-introspection-1.84.0/output/tests/scanner ASAN_OPTIONS=halt_on_error=1:abort_on_error=1:print_summary=1 MALLOC_PERTURB_=209 /usr/bin/python3 /tmp/src/gobject-introspection-1.84.0/output/../tests/scanner/../gi-tester GetType-1.0.gir
――――――――――――――――――――――――――――――――――――― ✀  ―――――――――――――――――――――――――――――――――――――
stderr:
Traceback (most recent call last):
  File "/tmp/src/gobject-introspection-1.84.0/output/../tests/scanner/../gi-tester", line 122, in <module>
    sys.exit(main(sys.argv))
             ^^^^^^^^^^^^^^
  File "/tmp/src/gobject-introspection-1.84.0/output/../tests/scanner/../gi-tester", line 98, in main
    assert_no_diff(expected, actual, ignore=ignore)
  File "/tmp/src/gobject-introspection-1.84.0/output/../tests/scanner/../gi-tester", line 73, in assert_no_diff
    assert_files_no_diff(a, b, ignore=ignore)
  File "/tmp/src/gobject-introspection-1.84.0/output/../tests/scanner/../gi-tester", line 28, in assert_files_no_diff
    io.open(b, encoding="utf-8") as bh:
    ^^^^^^^^^^^^^^^^^^^^^^^^^^^^
FileNotFoundError: [Errno 2] No such file or directory: '/tmp/src/gobject-introspection-1.84.0/output/tests/scanner/GetType-1.0.gir'
――――――――――――――――――――――――――――――――――――――――――――――――――――――――――――――――――――――――――――――

31/65 gi-tester-WarnLib-1.0.gir               FAIL            0.06s   exit status 1
>>> MESON_TEST_ITERATION=1 UBSAN_OPTIONS=halt_on_error=1:abort_on_error=1:print_summary=1:print_stacktrace=1 srcdir=/tmp/src/gobject-introspection-1.84.0/tests/scanner MSAN_OPTIONS=halt_on_error=1:abort_on_error=1:print_summary=1:print_stacktrace=1 builddir=/tmp/src/gobject-introspection-1.84.0/output/tests/scanner ASAN_OPTIONS=halt_on_error=1:abort_on_error=1:print_summary=1 MALLOC_PERTURB_=128 /usr/bin/python3 /tmp/src/gobject-introspection-1.84.0/output/../tests/scanner/../gi-tester WarnLib-1.0.gir
――――――――――――――――――――――――――――――――――――― ✀  ―――――――――――――――――――――――――――――――――――――
stderr:
Traceback (most recent call last):
  File "/tmp/src/gobject-introspection-1.84.0/output/../tests/scanner/../gi-tester", line 122, in <module>
    sys.exit(main(sys.argv))
             ^^^^^^^^^^^^^^
  File "/tmp/src/gobject-introspection-1.84.0/output/../tests/scanner/../gi-tester", line 98, in main
    assert_no_diff(expected, actual, ignore=ignore)
  File "/tmp/src/gobject-introspection-1.84.0/output/../tests/scanner/../gi-tester", line 73, in assert_no_diff
    assert_files_no_diff(a, b, ignore=ignore)
  File "/tmp/src/gobject-introspection-1.84.0/output/../tests/scanner/../gi-tester", line 28, in assert_files_no_diff
    io.open(b, encoding="utf-8") as bh:
    ^^^^^^^^^^^^^^^^^^^^^^^^^^^^
FileNotFoundError: [Errno 2] No such file or directory: '/tmp/src/gobject-introspection-1.84.0/output/tests/scanner/WarnLib-1.0.gir'
――――――――――――――――――――――――――――――――――――――――――――――――――――――――――――――――――――――――――――――

32/65 gi-tester-GtkFrob-1.0.gir               FAIL            0.05s   exit status 1
>>> MESON_TEST_ITERATION=1 UBSAN_OPTIONS=halt_on_error=1:abort_on_error=1:print_summary=1:print_stacktrace=1 srcdir=/tmp/src/gobject-introspection-1.84.0/tests/scanner MSAN_OPTIONS=halt_on_error=1:abort_on_error=1:print_summary=1:print_stacktrace=1 builddir=/tmp/src/gobject-introspection-1.84.0/output/tests/scanner ASAN_OPTIONS=halt_on_error=1:abort_on_error=1:print_summary=1 MALLOC_PERTURB_=235 /usr/bin/python3 /tmp/src/gobject-introspection-1.84.0/output/../tests/scanner/../gi-tester GtkFrob-1.0.gir
――――――――――――――――――――――――――――――――――――― ✀  ―――――――――――――――――――――――――――――――――――――
stderr:
Traceback (most recent call last):
  File "/tmp/src/gobject-introspection-1.84.0/output/../tests/scanner/../gi-tester", line 122, in <module>
    sys.exit(main(sys.argv))
             ^^^^^^^^^^^^^^
  File "/tmp/src/gobject-introspection-1.84.0/output/../tests/scanner/../gi-tester", line 98, in main
    assert_no_diff(expected, actual, ignore=ignore)
  File "/tmp/src/gobject-introspection-1.84.0/output/../tests/scanner/../gi-tester", line 73, in assert_no_diff
    assert_files_no_diff(a, b, ignore=ignore)
  File "/tmp/src/gobject-introspection-1.84.0/output/../tests/scanner/../gi-tester", line 28, in assert_files_no_diff
    io.open(b, encoding="utf-8") as bh:
    ^^^^^^^^^^^^^^^^^^^^^^^^^^^^
FileNotFoundError: [Errno 2] No such file or directory: '/tmp/src/gobject-introspection-1.84.0/output/tests/scanner/GtkFrob-1.0.gir'
――――――――――――――――――――――――――――――――――――――――――――――――――――――――――――――――――――――――――――――

33/65 gi-tester-Symbolfilter-1.0.gir          FAIL            0.04s   exit status 1
>>> MESON_TEST_ITERATION=1 UBSAN_OPTIONS=halt_on_error=1:abort_on_error=1:print_summary=1:print_stacktrace=1 srcdir=/tmp/src/gobject-introspection-1.84.0/tests/scanner MSAN_OPTIONS=halt_on_error=1:abort_on_error=1:print_summary=1:print_stacktrace=1 builddir=/tmp/src/gobject-introspection-1.84.0/output/tests/scanner ASAN_OPTIONS=halt_on_error=1:abort_on_error=1:print_summary=1 MALLOC_PERTURB_=203 /usr/bin/python3 /tmp/src/gobject-introspection-1.84.0/output/../tests/scanner/../gi-tester Symbolfilter-1.0.gir
――――――――――――――――――――――――――――――――――――― ✀  ―――――――――――――――――――――――――――――――――――――
stderr:
Traceback (most recent call last):
  File "/tmp/src/gobject-introspection-1.84.0/output/../tests/scanner/../gi-tester", line 122, in <module>
    sys.exit(main(sys.argv))
             ^^^^^^^^^^^^^^
  File "/tmp/src/gobject-introspection-1.84.0/output/../tests/scanner/../gi-tester", line 98, in main
    assert_no_diff(expected, actual, ignore=ignore)
  File "/tmp/src/gobject-introspection-1.84.0/output/../tests/scanner/../gi-tester", line 73, in assert_no_diff
    assert_files_no_diff(a, b, ignore=ignore)
  File "/tmp/src/gobject-introspection-1.84.0/output/../tests/scanner/../gi-tester", line 28, in assert_files_no_diff
    io.open(b, encoding="utf-8") as bh:
    ^^^^^^^^^^^^^^^^^^^^^^^^^^^^
FileNotFoundError: [Errno 2] No such file or directory: '/tmp/src/gobject-introspection-1.84.0/output/tests/scanner/Symbolfilter-1.0.gir'
――――――――――――――――――――――――――――――――――――――――――――――――――――――――――――――――――――――――――――――

34/65 gi-tester-Headeronly-1.0.gir            FAIL            0.04s   exit status 1
>>> MESON_TEST_ITERATION=1 UBSAN_OPTIONS=halt_on_error=1:abort_on_error=1:print_summary=1:print_stacktrace=1 MALLOC_PERTURB_=191 srcdir=/tmp/src/gobject-introspection-1.84.0/tests/scanner MSAN_OPTIONS=halt_on_error=1:abort_on_error=1:print_summary=1:print_stacktrace=1 builddir=/tmp/src/gobject-introspection-1.84.0/output/tests/scanner ASAN_OPTIONS=halt_on_error=1:abort_on_error=1:print_summary=1 /usr/bin/python3 /tmp/src/gobject-introspection-1.84.0/output/../tests/scanner/../gi-tester Headeronly-1.0.gir
――――――――――――――――――――――――――――――――――――― ✀  ―――――――――――――――――――――――――――――――――――――
stderr:
Traceback (most recent call last):
  File "/tmp/src/gobject-introspection-1.84.0/output/../tests/scanner/../gi-tester", line 122, in <module>
    sys.exit(main(sys.argv))
             ^^^^^^^^^^^^^^
  File "/tmp/src/gobject-introspection-1.84.0/output/../tests/scanner/../gi-tester", line 98, in main
    assert_no_diff(expected, actual, ignore=ignore)
  File "/tmp/src/gobject-introspection-1.84.0/output/../tests/scanner/../gi-tester", line 73, in assert_no_diff
    assert_files_no_diff(a, b, ignore=ignore)
  File "/tmp/src/gobject-introspection-1.84.0/output/../tests/scanner/../gi-tester", line 28, in assert_files_no_diff
    io.open(b, encoding="utf-8") as bh:
    ^^^^^^^^^^^^^^^^^^^^^^^^^^^^
FileNotFoundError: [Errno 2] No such file or directory: '/tmp/src/gobject-introspection-1.84.0/output/tests/scanner/Headeronly-1.0.gir'
――――――――――――――――――――――――――――――――――――――――――――――――――――――――――――――――――――――――――――――

35/65 gi-tester-RegressUnix-1.0.gir           FAIL            0.03s   exit status 1
>>> MESON_TEST_ITERATION=1 UBSAN_OPTIONS=halt_on_error=1:abort_on_error=1:print_summary=1:print_stacktrace=1 srcdir=/tmp/src/gobject-introspection-1.84.0/tests/scanner MSAN_OPTIONS=halt_on_error=1:abort_on_error=1:print_summary=1:print_stacktrace=1 builddir=/tmp/src/gobject-introspection-1.84.0/output/tests/scanner ASAN_OPTIONS=halt_on_error=1:abort_on_error=1:print_summary=1 MALLOC_PERTURB_=194 /usr/bin/python3 /tmp/src/gobject-introspection-1.84.0/output/../tests/scanner/../gi-tester RegressUnix-1.0.gir
――――――――――――――――――――――――――――――――――――― ✀  ―――――――――――――――――――――――――――――――――――――
stderr:
Traceback (most recent call last):
  File "/tmp/src/gobject-introspection-1.84.0/output/../tests/scanner/../gi-tester", line 122, in <module>
    sys.exit(main(sys.argv))
             ^^^^^^^^^^^^^^
  File "/tmp/src/gobject-introspection-1.84.0/output/../tests/scanner/../gi-tester", line 98, in main
    assert_no_diff(expected, actual, ignore=ignore)
  File "/tmp/src/gobject-introspection-1.84.0/output/../tests/scanner/../gi-tester", line 73, in assert_no_diff
    assert_files_no_diff(a, b, ignore=ignore)
  File "/tmp/src/gobject-introspection-1.84.0/output/../tests/scanner/../gi-tester", line 28, in assert_files_no_diff
    io.open(b, encoding="utf-8") as bh:
    ^^^^^^^^^^^^^^^^^^^^^^^^^^^^
FileNotFoundError: [Errno 2] No such file or directory: '/tmp/src/gobject-introspection-1.84.0/output/tests/scanner/RegressUnix-1.0.gir'
――――――――――――――――――――――――――――――――――――――――――――――――――――――――――――――――――――――――――――――

36/65 gi-tester-Identfilter-1.0.gir           FAIL            0.06s   exit status 1
>>> MALLOC_PERTURB_=109 MESON_TEST_ITERATION=1 UBSAN_OPTIONS=halt_on_error=1:abort_on_error=1:print_summary=1:print_stacktrace=1 srcdir=/tmp/src/gobject-introspection-1.84.0/tests/scanner MSAN_OPTIONS=halt_on_error=1:abort_on_error=1:print_summary=1:print_stacktrace=1 builddir=/tmp/src/gobject-introspection-1.84.0/output/tests/scanner ASAN_OPTIONS=halt_on_error=1:abort_on_error=1:print_summary=1 /usr/bin/python3 /tmp/src/gobject-introspection-1.84.0/output/../tests/scanner/../gi-tester Identfilter-1.0.gir
――――――――――――――――――――――――――――――――――――― ✀  ―――――――――――――――――――――――――――――――――――――
stderr:
Traceback (most recent call last):
  File "/tmp/src/gobject-introspection-1.84.0/output/../tests/scanner/../gi-tester", line 122, in <module>
    sys.exit(main(sys.argv))
             ^^^^^^^^^^^^^^
  File "/tmp/src/gobject-introspection-1.84.0/output/../tests/scanner/../gi-tester", line 98, in main
    assert_no_diff(expected, actual, ignore=ignore)
  File "/tmp/src/gobject-introspection-1.84.0/output/../tests/scanner/../gi-tester", line 73, in assert_no_diff
    assert_files_no_diff(a, b, ignore=ignore)
  File "/tmp/src/gobject-introspection-1.84.0/output/../tests/scanner/../gi-tester", line 28, in assert_files_no_diff
    io.open(b, encoding="utf-8") as bh:
    ^^^^^^^^^^^^^^^^^^^^^^^^^^^^
FileNotFoundError: [Errno 2] No such file or directory: '/tmp/src/gobject-introspection-1.84.0/output/tests/scanner/Identfilter-1.0.gir'
――――――――――――――――――――――――――――――――――――――――――――――――――――――――――――――――――――――――――――――

37/65 test_sourcescanner.py                   OK              0.25s
38/65 gi-tester-Bar-1.0.typelib               FAIL            0.04s   exit status 1
>>> MESON_TEST_ITERATION=1 UBSAN_OPTIONS=halt_on_error=1:abort_on_error=1:print_summary=1:print_stacktrace=1 MALLOC_PERTURB_=83 MSAN_OPTIONS=halt_on_error=1:abort_on_error=1:print_summary=1:print_stacktrace=1 ASAN_OPTIONS=halt_on_error=1:abort_on_error=1:print_summary=1 /usr/bin/python3 /tmp/src/gobject-introspection-1.84.0/output/../tests/scanner/../gi-tester /tmp/src/gobject-introspection-1.84.0/output/tests/scanner/Bar-1.0.typelib
――――――――――――――――――――――――――――――――――――― ✀  ―――――――――――――――――――――――――――――――――――――
stderr:
Traceback (most recent call last):
  File "/tmp/src/gobject-introspection-1.84.0/output/../tests/scanner/../gi-tester", line 122, in <module>
    sys.exit(main(sys.argv))
             ^^^^^^^^^^^^^^
  File "/tmp/src/gobject-introspection-1.84.0/output/../tests/scanner/../gi-tester", line 89, in main
    raise SystemError("%s does not exist" % targetname)
SystemError: /tmp/src/gobject-introspection-1.84.0/output/tests/scanner/Bar-1.0.typelib does not exist
――――――――――――――――――――――――――――――――――――――――――――――――――――――――――――――――――――――――――――――

39/65 test_pkgconfig.py                       OK              0.23s
40/65 warn-invalid-transfer                   OK              0.43s
41/65 gi-tester-Typedefs-1.0.typelib          FAIL            0.05s   exit status 1
>>> MALLOC_PERTURB_=88 MESON_TEST_ITERATION=1 UBSAN_OPTIONS=halt_on_error=1:abort_on_error=1:print_summary=1:print_stacktrace=1 MSAN_OPTIONS=halt_on_error=1:abort_on_error=1:print_summary=1:print_stacktrace=1 ASAN_OPTIONS=halt_on_error=1:abort_on_error=1:print_summary=1 /usr/bin/python3 /tmp/src/gobject-introspection-1.84.0/output/../tests/scanner/../gi-tester /tmp/src/gobject-introspection-1.84.0/output/tests/scanner/Typedefs-1.0.typelib
――――――――――――――――――――――――――――――――――――― ✀  ―――――――――――――――――――――――――――――――――――――
stderr:
Traceback (most recent call last):
  File "/tmp/src/gobject-introspection-1.84.0/output/../tests/scanner/../gi-tester", line 122, in <module>
    sys.exit(main(sys.argv))
             ^^^^^^^^^^^^^^
  File "/tmp/src/gobject-introspection-1.84.0/output/../tests/scanner/../gi-tester", line 89, in main
    raise SystemError("%s does not exist" % targetname)
SystemError: /tmp/src/gobject-introspection-1.84.0/output/tests/scanner/Typedefs-1.0.typelib does not exist
――――――――――――――――――――――――――――――――――――――――――――――――――――――――――――――――――――――――――――――

42/65 gi-tester-Regress-1.0.gir               FAIL            0.08s   exit status 1
>>> MESON_TEST_ITERATION=1 UBSAN_OPTIONS=halt_on_error=1:abort_on_error=1:print_summary=1:print_stacktrace=1 srcdir=/tmp/src/gobject-introspection-1.84.0/tests/scanner MSAN_OPTIONS=halt_on_error=1:abort_on_error=1:print_summary=1:print_stacktrace=1 builddir=/tmp/src/gobject-introspection-1.84.0/output/tests/scanner ASAN_OPTIONS=halt_on_error=1:abort_on_error=1:print_summary=1 MALLOC_PERTURB_=252 /usr/bin/python3 /tmp/src/gobject-introspection-1.84.0/output/../tests/scanner/../gi-tester Regress-1.0.gir
――――――――――――――――――――――――――――――――――――― ✀  ―――――――――――――――――――――――――――――――――――――
stderr:
Traceback (most recent call last):
  File "/tmp/src/gobject-introspection-1.84.0/output/../tests/scanner/../gi-tester", line 122, in <module>
    sys.exit(main(sys.argv))
             ^^^^^^^^^^^^^^
  File "/tmp/src/gobject-introspection-1.84.0/output/../tests/scanner/../gi-tester", line 98, in main
    assert_no_diff(expected, actual, ignore=ignore)
  File "/tmp/src/gobject-introspection-1.84.0/output/../tests/scanner/../gi-tester", line 73, in assert_no_diff
    assert_files_no_diff(a, b, ignore=ignore)
  File "/tmp/src/gobject-introspection-1.84.0/output/../tests/scanner/../gi-tester", line 28, in assert_files_no_diff
    io.open(b, encoding="utf-8") as bh:
    ^^^^^^^^^^^^^^^^^^^^^^^^^^^^
FileNotFoundError: [Errno 2] No such file or directory: '/tmp/src/gobject-introspection-1.84.0/output/tests/scanner/Regress-1.0.gir'
――――――――――――――――――――――――――――――――――――――――――――――――――――――――――――――――――――――――――――――

43/65 gi-tester-SLetter-1.0.typelib           FAIL            0.05s   exit status 1
>>> MESON_TEST_ITERATION=1 UBSAN_OPTIONS=halt_on_error=1:abort_on_error=1:print_summary=1:print_stacktrace=1 MSAN_OPTIONS=halt_on_error=1:abort_on_error=1:print_summary=1:print_stacktrace=1 ASAN_OPTIONS=halt_on_error=1:abort_on_error=1:print_summary=1 MALLOC_PERTURB_=247 /usr/bin/python3 /tmp/src/gobject-introspection-1.84.0/output/../tests/scanner/../gi-tester /tmp/src/gobject-introspection-1.84.0/output/tests/scanner/SLetter-1.0.typelib
――――――――――――――――――――――――――――――――――――― ✀  ―――――――――――――――――――――――――――――――――――――
stderr:
Traceback (most recent call last):
  File "/tmp/src/gobject-introspection-1.84.0/output/../tests/scanner/../gi-tester", line 122, in <module>
    sys.exit(main(sys.argv))
             ^^^^^^^^^^^^^^
  File "/tmp/src/gobject-introspection-1.84.0/output/../tests/scanner/../gi-tester", line 89, in main
    raise SystemError("%s does not exist" % targetname)
SystemError: /tmp/src/gobject-introspection-1.84.0/output/tests/scanner/SLetter-1.0.typelib does not exist
――――――――――――――――――――――――――――――――――――――――――――――――――――――――――――――――――――――――――――――

44/65 warn-unknown-parameter                  OK              0.36s
45/65 test_maintransformer.py                 OK              0.24s
46/65 gi-tester-GtkFrob-1.0.typelib           FAIL            0.04s   exit status 1
>>> MESON_TEST_ITERATION=1 UBSAN_OPTIONS=halt_on_error=1:abort_on_error=1:print_summary=1:print_stacktrace=1 MSAN_OPTIONS=halt_on_error=1:abort_on_error=1:print_summary=1:print_stacktrace=1 MALLOC_PERTURB_=237 ASAN_OPTIONS=halt_on_error=1:abort_on_error=1:print_summary=1 /usr/bin/python3 /tmp/src/gobject-introspection-1.84.0/output/../tests/scanner/../gi-tester /tmp/src/gobject-introspection-1.84.0/output/tests/scanner/GtkFrob-1.0.typelib
――――――――――――――――――――――――――――――――――――― ✀  ―――――――――――――――――――――――――――――――――――――
stderr:
Traceback (most recent call last):
  File "/tmp/src/gobject-introspection-1.84.0/output/../tests/scanner/../gi-tester", line 122, in <module>
    sys.exit(main(sys.argv))
             ^^^^^^^^^^^^^^
  File "/tmp/src/gobject-introspection-1.84.0/output/../tests/scanner/../gi-tester", line 89, in main
    raise SystemError("%s does not exist" % targetname)
SystemError: /tmp/src/gobject-introspection-1.84.0/output/tests/scanner/GtkFrob-1.0.typelib does not exist
――――――――――――――――――――――――――――――――――――――――――――――――――――――――――――――――――――――――――――――

47/65 warn-return-gobject                     OK              0.38s
48/65 gi-tester-WarnLib-1.0.typelib           FAIL            0.07s   exit status 1
>>> MESON_TEST_ITERATION=1 UBSAN_OPTIONS=halt_on_error=1:abort_on_error=1:print_summary=1:print_stacktrace=1 MSAN_OPTIONS=halt_on_error=1:abort_on_error=1:print_summary=1:print_stacktrace=1 ASAN_OPTIONS=halt_on_error=1:abort_on_error=1:print_summary=1 MALLOC_PERTURB_=57 /usr/bin/python3 /tmp/src/gobject-introspection-1.84.0/output/../tests/scanner/../gi-tester /tmp/src/gobject-introspection-1.84.0/output/tests/scanner/WarnLib-1.0.typelib
――――――――――――――――――――――――――――――――――――― ✀  ―――――――――――――――――――――――――――――――――――――
stderr:
Traceback (most recent call last):
  File "/tmp/src/gobject-introspection-1.84.0/output/../tests/scanner/../gi-tester", line 122, in <module>
    sys.exit(main(sys.argv))
             ^^^^^^^^^^^^^^
  File "/tmp/src/gobject-introspection-1.84.0/output/../tests/scanner/../gi-tester", line 89, in main
    raise SystemError("%s does not exist" % targetname)
SystemError: /tmp/src/gobject-introspection-1.84.0/output/tests/scanner/WarnLib-1.0.typelib does not exist
――――――――――――――――――――――――――――――――――――――――――――――――――――――――――――――――――――――――――――――

49/65 gi-tester-Symbolfilter-1.0.typelib      FAIL            0.04s   exit status 1
>>> MESON_TEST_ITERATION=1 UBSAN_OPTIONS=halt_on_error=1:abort_on_error=1:print_summary=1:print_stacktrace=1 MALLOC_PERTURB_=92 MSAN_OPTIONS=halt_on_error=1:abort_on_error=1:print_summary=1:print_stacktrace=1 ASAN_OPTIONS=halt_on_error=1:abort_on_error=1:print_summary=1 /usr/bin/python3 /tmp/src/gobject-introspection-1.84.0/output/../tests/scanner/../gi-tester /tmp/src/gobject-introspection-1.84.0/output/tests/scanner/Symbolfilter-1.0.typelib
――――――――――――――――――――――――――――――――――――― ✀  ―――――――――――――――――――――――――――――――――――――
stderr:
Traceback (most recent call last):
  File "/tmp/src/gobject-introspection-1.84.0/output/../tests/scanner/../gi-tester", line 122, in <module>
    sys.exit(main(sys.argv))
             ^^^^^^^^^^^^^^
  File "/tmp/src/gobject-introspection-1.84.0/output/../tests/scanner/../gi-tester", line 89, in main
    raise SystemError("%s does not exist" % targetname)
SystemError: /tmp/src/gobject-introspection-1.84.0/output/tests/scanner/Symbolfilter-1.0.typelib does not exist
――――――――――――――――――――――――――――――――――――――――――――――――――――――――――――――――――――――――――――――

50/65 gi-tester-Identfilter-1.0.typelib       FAIL            0.04s   exit status 1
>>> MALLOC_PERTURB_=18 MESON_TEST_ITERATION=1 UBSAN_OPTIONS=halt_on_error=1:abort_on_error=1:print_summary=1:print_stacktrace=1 MSAN_OPTIONS=halt_on_error=1:abort_on_error=1:print_summary=1:print_stacktrace=1 ASAN_OPTIONS=halt_on_error=1:abort_on_error=1:print_summary=1 /usr/bin/python3 /tmp/src/gobject-introspection-1.84.0/output/../tests/scanner/../gi-tester /tmp/src/gobject-introspection-1.84.0/output/tests/scanner/Identfilter-1.0.typelib
――――――――――――――――――――――――――――――――――――― ✀  ―――――――――――――――――――――――――――――――――――――
stderr:
Traceback (most recent call last):
  File "/tmp/src/gobject-introspection-1.84.0/output/../tests/scanner/../gi-tester", line 122, in <module>
    sys.exit(main(sys.argv))
             ^^^^^^^^^^^^^^
  File "/tmp/src/gobject-introspection-1.84.0/output/../tests/scanner/../gi-tester", line 89, in main
    raise SystemError("%s does not exist" % targetname)
SystemError: /tmp/src/gobject-introspection-1.84.0/output/tests/scanner/Identfilter-1.0.typelib does not exist
――――――――――――――――――――――――――――――――――――――――――――――――――――――――――――――――――――――――――――――

51/65 gi-tester-Headeronly-1.0.typelib        FAIL            0.04s   exit status 1
>>> MESON_TEST_ITERATION=1 UBSAN_OPTIONS=halt_on_error=1:abort_on_error=1:print_summary=1:print_stacktrace=1 MSAN_OPTIONS=halt_on_error=1:abort_on_error=1:print_summary=1:print_stacktrace=1 ASAN_OPTIONS=halt_on_error=1:abort_on_error=1:print_summary=1 MALLOC_PERTURB_=26 /usr/bin/python3 /tmp/src/gobject-introspection-1.84.0/output/../tests/scanner/../gi-tester /tmp/src/gobject-introspection-1.84.0/output/tests/scanner/Headeronly-1.0.typelib
――――――――――――――――――――――――――――――――――――― ✀  ―――――――――――――――――――――――――――――――――――――
stderr:
Traceback (most recent call last):
  File "/tmp/src/gobject-introspection-1.84.0/output/../tests/scanner/../gi-tester", line 122, in <module>
    sys.exit(main(sys.argv))
             ^^^^^^^^^^^^^^
  File "/tmp/src/gobject-introspection-1.84.0/output/../tests/scanner/../gi-tester", line 89, in main
    raise SystemError("%s does not exist" % targetname)
SystemError: /tmp/src/gobject-introspection-1.84.0/output/tests/scanner/Headeronly-1.0.typelib does not exist
――――――――――――――――――――――――――――――――――――――――――――――――――――――――――――――――――――――――――――――

52/65 gitestrepo                              OK              0.02s
53/65 giteststructinfo                        FAIL            0.01s   killed by signal 6 SIGABRT
>>> MALLOC_PERTURB_=28 MESON_TEST_ITERATION=1 UBSAN_OPTIONS=halt_on_error=1:abort_on_error=1:print_summary=1:print_stacktrace=1 GI_TYPELIB_PATH=/tmp/src/gobject-introspection-1.84.0/output/gir:/tmp/src/gobject-introspection-1.84.0/output/tests:/tmp/src/gobject-introspection-1.84.0/output/tests/scanner MSAN_OPTIONS=halt_on_error=1:abort_on_error=1:print_summary=1:print_stacktrace=1 DYLD_LIBRARY_PATH=/tmp/src/gobject-introspection-1.84.0/output/tests/scanner ASAN_OPTIONS=halt_on_error=1:abort_on_error=1:print_summary=1 LD_LIBRARY_PATH=/tmp/src/gobject-introspection-1.84.0/output/girepository:/tmp/src/gobject-introspection-1.84.0/output/tests/scanner /tmp/src/gobject-introspection-1.84.0/output/tests/repository/giteststructinfo
――――――――――――――――――――――――――――――――――――― ✀  ―――――――――――――――――――――――――――――――――――――
stdout:
TAP version 14
# random seed: R02S8622557ad08ea582355140cc4290d107
1..1
# Start of girepository tests
# Start of structinfo tests
not ok /girepository/structinfo/field-iterators - ERROR:../tests/repository/giteststructinfo.c:18:test_field_iterators: 'ret' should not be NULL
Bail out!
stderr:
**
ERROR:../tests/repository/giteststructinfo.c:18:test_field_iterators: 'ret' should not be NULL
――――――――――――――――――――――――――――――――――――――――――――――――――――――――――――――――――――――――――――――

54/65 gi-tester-Utility-1.0.typelib           FAIL            0.06s   exit status 1
>>> MESON_TEST_ITERATION=1 UBSAN_OPTIONS=halt_on_error=1:abort_on_error=1:print_summary=1:print_stacktrace=1 MALLOC_PERTURB_=42 MSAN_OPTIONS=halt_on_error=1:abort_on_error=1:print_summary=1:print_stacktrace=1 ASAN_OPTIONS=halt_on_error=1:abort_on_error=1:print_summary=1 /usr/bin/python3 /tmp/src/gobject-introspection-1.84.0/output/../tests/scanner/../gi-tester /tmp/src/gobject-introspection-1.84.0/output/tests/scanner/Utility-1.0.typelib
――――――――――――――――――――――――――――――――――――― ✀  ―――――――――――――――――――――――――――――――――――――
stderr:
Traceback (most recent call last):
  File "/tmp/src/gobject-introspection-1.84.0/output/../tests/scanner/../gi-tester", line 122, in <module>
    sys.exit(main(sys.argv))
             ^^^^^^^^^^^^^^
  File "/tmp/src/gobject-introspection-1.84.0/output/../tests/scanner/../gi-tester", line 89, in main
    raise SystemError("%s does not exist" % targetname)
SystemError: /tmp/src/gobject-introspection-1.84.0/output/tests/scanner/Utility-1.0.typelib does not exist
――――――――――――――――――――――――――――――――――――――――――――――――――――――――――――――――――――――――――――――

55/65 gi-tester-Regress-1.0.typelib           FAIL            0.04s   exit status 1
>>> MESON_TEST_ITERATION=1 UBSAN_OPTIONS=halt_on_error=1:abort_on_error=1:print_summary=1:print_stacktrace=1 MSAN_OPTIONS=halt_on_error=1:abort_on_error=1:print_summary=1:print_stacktrace=1 ASAN_OPTIONS=halt_on_error=1:abort_on_error=1:print_summary=1 MALLOC_PERTURB_=101 /usr/bin/python3 /tmp/src/gobject-introspection-1.84.0/output/../tests/scanner/../gi-tester /tmp/src/gobject-introspection-1.84.0/output/tests/scanner/Regress-1.0.typelib
――――――――――――――――――――――――――――――――――――― ✀  ―――――――――――――――――――――――――――――――――――――
stderr:
Traceback (most recent call last):
  File "/tmp/src/gobject-introspection-1.84.0/output/../tests/scanner/../gi-tester", line 122, in <module>
    sys.exit(main(sys.argv))
             ^^^^^^^^^^^^^^
  File "/tmp/src/gobject-introspection-1.84.0/output/../tests/scanner/../gi-tester", line 89, in main
    raise SystemError("%s does not exist" % targetname)
SystemError: /tmp/src/gobject-introspection-1.84.0/output/tests/scanner/Regress-1.0.typelib does not exist
――――――――――――――――――――――――――――――――――――――――――――――――――――――――――――――――――――――――――――――

56/65 gi-tester-RegressUnix-1.0.typelib       FAIL            0.03s   exit status 1
>>> MESON_TEST_ITERATION=1 MALLOC_PERTURB_=73 UBSAN_OPTIONS=halt_on_error=1:abort_on_error=1:print_summary=1:print_stacktrace=1 MSAN_OPTIONS=halt_on_error=1:abort_on_error=1:print_summary=1:print_stacktrace=1 ASAN_OPTIONS=halt_on_error=1:abort_on_error=1:print_summary=1 /usr/bin/python3 /tmp/src/gobject-introspection-1.84.0/output/../tests/scanner/../gi-tester /tmp/src/gobject-introspection-1.84.0/output/tests/scanner/RegressUnix-1.0.typelib
――――――――――――――――――――――――――――――――――――― ✀  ―――――――――――――――――――――――――――――――――――――
stderr:
Traceback (most recent call last):
  File "/tmp/src/gobject-introspection-1.84.0/output/../tests/scanner/../gi-tester", line 122, in <module>
    sys.exit(main(sys.argv))
             ^^^^^^^^^^^^^^
  File "/tmp/src/gobject-introspection-1.84.0/output/../tests/scanner/../gi-tester", line 89, in main
    raise SystemError("%s does not exist" % targetname)
SystemError: /tmp/src/gobject-introspection-1.84.0/output/tests/scanner/RegressUnix-1.0.typelib does not exist
――――――――――――――――――――――――――――――――――――――――――――――――――――――――――――――――――――――――――――――

57/65 gitestthrows                            FAIL            0.01s   killed by signal 6 SIGABRT
>>> MESON_TEST_ITERATION=1 UBSAN_OPTIONS=halt_on_error=1:abort_on_error=1:print_summary=1:print_stacktrace=1 GI_TYPELIB_PATH=/tmp/src/gobject-introspection-1.84.0/output/gir:/tmp/src/gobject-introspection-1.84.0/output/tests:/tmp/src/gobject-introspection-1.84.0/output/tests/scanner MSAN_OPTIONS=halt_on_error=1:abort_on_error=1:print_summary=1:print_stacktrace=1 DYLD_LIBRARY_PATH=/tmp/src/gobject-introspection-1.84.0/output/tests/scanner MALLOC_PERTURB_=46 ASAN_OPTIONS=halt_on_error=1:abort_on_error=1:print_summary=1 LD_LIBRARY_PATH=/tmp/src/gobject-introspection-1.84.0/output/girepository:/tmp/src/gobject-introspection-1.84.0/output/tests/scanner /tmp/src/gobject-introspection-1.84.0/output/tests/repository/gitestthrows
――――――――――――――――――――――――――――――――――――― ✀  ―――――――――――――――――――――――――――――――――――――
stdout:
TAP version 14
# random seed: R02S0a099ce702f086d9334e2aede25cc05c
1..3
# Start of girepository tests
# Start of throws tests
ok 1 /girepository/throws/invoke-gerror
not ok /girepository/throws/vfunc-can-throw-gerror - ERROR:../tests/repository/gitestthrows.c:58:test_vfunc_can_throw_gerror: 'ret' should not be NULL
Bail out!
stderr:
**
ERROR:../tests/repository/gitestthrows.c:58:test_vfunc_can_throw_gerror: 'ret' should not be NULL
――――――――――――――――――――――――――――――――――――――――――――――――――――――――――――――――――――――――――――――

58/65 gitypelibtest                           FAIL            0.01s   killed by signal 5 SIGTRAP
>>> MESON_TEST_ITERATION=1 MALLOC_PERTURB_=141 UBSAN_OPTIONS=halt_on_error=1:abort_on_error=1:print_summary=1:print_stacktrace=1 GI_TYPELIB_PATH=/tmp/src/gobject-introspection-1.84.0/output/gir:/tmp/src/gobject-introspection-1.84.0/output/tests:/tmp/src/gobject-introspection-1.84.0/output/tests/scanner MSAN_OPTIONS=halt_on_error=1:abort_on_error=1:print_summary=1:print_stacktrace=1 DYLD_LIBRARY_PATH=/tmp/src/gobject-introspection-1.84.0/output/tests/scanner ASAN_OPTIONS=halt_on_error=1:abort_on_error=1:print_summary=1 LD_LIBRARY_PATH=/tmp/src/gobject-introspection-1.84.0/output/girepository:/tmp/src/gobject-introspection-1.84.0/output/tests/scanner /tmp/src/gobject-introspection-1.84.0/output/tests/repository/gitypelibtest
――――――――――――――――――――――――――――――――――――― ✀  ―――――――――――――――――――――――――――――――――――――
stderr:

** (process:1170): ERROR **: 14:41:40.196: Typelib file for namespace 'GIMarshallingTests' (any version) not found
――――――――――――――――――――――――――――――――――――――――――――――――――――――――――――――――――――――――――――――

59/65 gi-tester-GetType-1.0.typelib           FAIL            0.06s   exit status 1
>>> MESON_TEST_ITERATION=1 UBSAN_OPTIONS=halt_on_error=1:abort_on_error=1:print_summary=1:print_stacktrace=1 MALLOC_PERTURB_=19 MSAN_OPTIONS=halt_on_error=1:abort_on_error=1:print_summary=1:print_stacktrace=1 ASAN_OPTIONS=halt_on_error=1:abort_on_error=1:print_summary=1 /usr/bin/python3 /tmp/src/gobject-introspection-1.84.0/output/../tests/scanner/../gi-tester /tmp/src/gobject-introspection-1.84.0/output/tests/scanner/GetType-1.0.typelib
――――――――――――――――――――――――――――――――――――― ✀  ―――――――――――――――――――――――――――――――――――――
stderr:
Traceback (most recent call last):
  File "/tmp/src/gobject-introspection-1.84.0/output/../tests/scanner/../gi-tester", line 122, in <module>
    sys.exit(main(sys.argv))
             ^^^^^^^^^^^^^^
  File "/tmp/src/gobject-introspection-1.84.0/output/../tests/scanner/../gi-tester", line 89, in main
    raise SystemError("%s does not exist" % targetname)
SystemError: /tmp/src/gobject-introspection-1.84.0/output/tests/scanner/GetType-1.0.typelib does not exist
――――――――――――――――――――――――――――――――――――――――――――――――――――――――――――――――――――――――――――――

60/65 warn-missing-element-type               OK              0.41s
61/65 test_scanner.py                         OK              0.29s
62/65 warn-unresolved-type                    OK              0.41s
63/65 test_patterns.py                        OK              0.16s
64/65 test_transformer.py                     OK              0.57s
65/65 test_parser.py                          OK              0.34s

Summary of Failures:

 3/65 gi-testerGIMarshallingTests-1.0.typelib FAIL            0.04s   exit status 1
 4/65 gi-testerEverything-1.0.typelib         FAIL            0.04s   exit status 1
 5/65 test_offsets.py                         FAIL            0.06s   exit status 1
22/65 gi-tester-Typedefs-1.0.gir              FAIL            0.05s   exit status 1
25/65 gi-tester-Bar-1.0.gir                   FAIL            0.07s   exit status 1
27/65 gi-tester-SLetter-1.0.gir               FAIL            0.05s   exit status 1
29/65 gi-tester-Utility-1.0.gir               FAIL            0.04s   exit status 1
30/65 gi-tester-GetType-1.0.gir               FAIL            0.03s   exit status 1
31/65 gi-tester-WarnLib-1.0.gir               FAIL            0.06s   exit status 1
32/65 gi-tester-GtkFrob-1.0.gir               FAIL            0.05s   exit status 1
33/65 gi-tester-Symbolfilter-1.0.gir          FAIL            0.04s   exit status 1
34/65 gi-tester-Headeronly-1.0.gir            FAIL            0.04s   exit status 1
35/65 gi-tester-RegressUnix-1.0.gir           FAIL            0.03s   exit status 1
36/65 gi-tester-Identfilter-1.0.gir           FAIL            0.06s   exit status 1
38/65 gi-tester-Bar-1.0.typelib               FAIL            0.04s   exit status 1
41/65 gi-tester-Typedefs-1.0.typelib          FAIL            0.05s   exit status 1
42/65 gi-tester-Regress-1.0.gir               FAIL            0.08s   exit status 1
43/65 gi-tester-SLetter-1.0.typelib           FAIL            0.05s   exit status 1
46/65 gi-tester-GtkFrob-1.0.typelib           FAIL            0.04s   exit status 1
48/65 gi-tester-WarnLib-1.0.typelib           FAIL            0.07s   exit status 1
49/65 gi-tester-Symbolfilter-1.0.typelib      FAIL            0.04s   exit status 1
50/65 gi-tester-Identfilter-1.0.typelib       FAIL            0.04s   exit status 1
51/65 gi-tester-Headeronly-1.0.typelib        FAIL            0.04s   exit status 1
53/65 giteststructinfo                        FAIL            0.01s   killed by signal 6 SIGABRT
54/65 gi-tester-Utility-1.0.typelib           FAIL            0.06s   exit status 1
55/65 gi-tester-Regress-1.0.typelib           FAIL            0.04s   exit status 1
56/65 gi-tester-RegressUnix-1.0.typelib       FAIL            0.03s   exit status 1
57/65 gitestthrows                            FAIL            0.01s   killed by signal 6 SIGABRT
58/65 gitypelibtest                           FAIL            0.01s   killed by signal 5 SIGTRAP
59/65 gi-tester-GetType-1.0.typelib           FAIL            0.06s   exit status 1

Ok:                35  
Fail:              30  

Full log written to /tmp/src/gobject-introspection-1.84.0/output/meson-logs/testlog.txt
>>> ERROR: gobject-introspection: check failed
>>> ERROR: gobject-introspection: rootbld failed
>>> gobject-introspection: Cleaning up build chroot
